<html>
<body>
<pre>
<h1>µVision Build Log</h1>
<h2>Project:</h2>
C:\Users\Administrator\Desktop\NETMARK_W100 v1.0.6b\NETMARK_W100_F103 v1.0.6b\Project\AIS_AtoN.uvproj
Project File Date:  06/27/2015

<h2>Output:</h2>
Build target 'Target 1'
compiling flashwr.c...
linking...
Program Size: Code=30476 RO-data=428 RW-data=524 ZI-data=5052  
FromELF: creating hex file...
"..\Output\AIS_AtoN.axf" - 0 Error(s), 0 Warning(s).
Build target 'Target 1'
compiling gps.c...
compiling usart3.c...
..\Source\usart3.c(108): warning:  #550-D: variable "Length" was set but never used
compiling flashwr.c...
..\Source\flashwr.c(434): error:  #20: identifier "openonce" is undefined
Target not created
Build target 'Target 1'
compiling main.c...
compiling config.c...
compiling msg_slot.c...
compiling timer.c...
compiling SKY72310.c...
compiling rtc.c...
compiling gps.c...
compiling gps_algorithm.c...
compiling mkmsg.c...
compiling usart1.c...
..\Source\usart1.c(252): warning:  #550-D: variable "Length" was set but never used
compiling usart2.c...
..\Source\usart2.c(30): warning:  #177-D: function "UART2_DMA_Configuration" was declared but never referenced
compiling usart3.c...
..\Source\usart3.c(108): warning:  #550-D: variable "Length" was set but never used
compiling flashwr.c...
compiling led.c...
compiling power.c...
..\Source\power.c(71): warning:  #1-D: last line of file ends without a newline
compiling cmdfunc.c...
linking...
Program Size: Code=30516 RO-data=428 RW-data=524 ZI-data=5052  
FromELF: creating hex file...
"..\Output\AIS_AtoN.axf" - 0 Error(s), 4 Warning(s).
Build target 'Target 1'
linking...
Program Size: Code=30516 RO-data=428 RW-data=524 ZI-data=5052  
FromELF: creating hex file...
"..\Output\AIS_AtoN.axf" - 0 Error(s), 0 Warning(s).
Build target 'Target 1'
linking...
Program Size: Code=30516 RO-data=428 RW-data=524 ZI-data=5052  
FromELF: creating hex file...
"..\Output\F103.axf" - 0 Error(s), 0 Warning(s).
Build target 'Target 1'
compiling main.c...
compiling config.c...
compiling msg_slot.c...
compiling timer.c...
compiling SKY72310.c...
compiling rtc.c...
compiling gps.c...
compiling gps_algorithm.c...
compiling mkmsg.c...
compiling usart1.c...
..\Source\usart1.c(252): warning:  #550-D: variable "Length" was set but never used
compiling usart2.c...
..\Source\usart2.c(30): warning:  #177-D: function "UART2_DMA_Configuration" was declared but never referenced
compiling usart3.c...
..\Source\usart3.c(108): warning:  #550-D: variable "Length" was set but never used
compiling flashwr.c...
compiling led.c...
compiling power.c...
..\Source\power.c(71): warning:  #1-D: last line of file ends without a newline
compiling cmdfunc.c...
linking...
Program Size: Code=30516 RO-data=428 RW-data=524 ZI-data=5052  
FromELF: creating hex file...
"..\Output\F103.axf" - 0 Error(s), 4 Warning(s).
Build target 'Target 1'
compiling main.c...
linking...
Program Size: Code=30516 RO-data=428 RW-data=524 ZI-data=5052  
FromELF: creating hex file...
"..\Output\F103.axf" - 0 Error(s), 0 Warning(s).
Build target 'Target 1'
compiling main.c...
linking...
Program Size: Code=30516 RO-data=428 RW-data=524 ZI-data=5052  
FromELF: creating hex file...
"..\Output\F103.axf" - 0 Error(s), 0 Warning(s).
Build target 'Target 1'
compiling usart1.c...
..\Source\usart1.c(252): warning:  #550-D: variable "Length" was set but never used
compiling usart3.c...
..\Source\usart3.c(108): warning:  #550-D: variable "Length" was set but never used
compiling flashwr.c...
linking...
Program Size: Code=30420 RO-data=428 RW-data=524 ZI-data=5052  
FromELF: creating hex file...
"..\Output\F103.axf" - 0 Error(s), 2 Warning(s).
Build target 'Target 1'
linking...
Program Size: Code=30420 RO-data=428 RW-data=524 ZI-data=5052  
FromELF: creating hex file...
"..\Output\F103.axf" - 0 Error(s), 0 Warning(s).
Build target 'Target 1'
linking...
Program Size: Code=30420 RO-data=428 RW-data=524 ZI-data=5052  
FromELF: creating hex file...
"..\Output\F103.axf" - 0 Error(s), 0 Warning(s).
Build target 'Target 1'
compiling flashwr.c...
linking...
Program Size: Code=30420 RO-data=428 RW-data=524 ZI-data=5052  
FromELF: creating hex file...
"..\Output\F103.axf" - 0 Error(s), 0 Warning(s).
Build target 'Target 1'
linking...
Program Size: Code=30420 RO-data=428 RW-data=524 ZI-data=5052  
FromELF: creating hex file...
"..\Output\F103.axf" - 0 Error(s), 0 Warning(s).
Build target 'Target 1'
linking...
Program Size: Code=30420 RO-data=428 RW-data=524 ZI-data=5052  
FromELF: creating hex file...
"..\Output\F103.axf" - 0 Error(s), 0 Warning(s).
Build target 'Target 1'
linking...
Program Size: Code=30420 RO-data=428 RW-data=524 ZI-data=5052  
FromELF: creating hex file...
"..\Output\F103.axf" - 0 Error(s), 0 Warning(s).
Build target 'Target 1'
compiling main.c...
compiling config.c...
compiling msg_slot.c...
compiling timer.c...
compiling SKY72310.c...
compiling rtc.c...
compiling gps.c...
compiling gps_algorithm.c...
compiling mkmsg.c...
compiling usart1.c...
..\Source\usart1.c(252): warning:  #550-D: variable "Length" was set but never used
compiling usart2.c...
..\Source\usart2.c(30): warning:  #177-D: function "UART2_DMA_Configuration" was declared but never referenced
compiling usart3.c...
..\Source\usart3.c(108): warning:  #550-D: variable "Length" was set but never used
compiling flashwr.c...
compiling led.c...
compiling power.c...
..\Source\power.c(71): warning:  #1-D: last line of file ends without a newline
compiling cmdfunc.c...
linking...
Program Size: Code=30420 RO-data=428 RW-data=524 ZI-data=5052  
FromELF: creating hex file...
"..\Output\F103.axf" - 0 Error(s), 4 Warning(s).
Build target 'Target 1'
compiling power.c...
linking...
Program Size: Code=30420 RO-data=428 RW-data=524 ZI-data=5052  
FromELF: creating hex file...
"..\Output\F103.axf" - 0 Error(s), 0 Warning(s).
Build target 'Target 1'
compiling flashwr.c...
linking...
Program Size: Code=30428 RO-data=428 RW-data=524 ZI-data=5052  
FromELF: creating hex file...
"..\Output\F103.axf" - 0 Error(s), 0 Warning(s).
Build target 'Target 1'
compiling flashwr.c...
linking...
Program Size: Code=30428 RO-data=428 RW-data=524 ZI-data=5052  
FromELF: creating hex file...
"..\Output\F103.axf" - 0 Error(s), 0 Warning(s).
Build target 'Target 1'
linking...
Program Size: Code=30428 RO-data=428 RW-data=524 ZI-data=5052  
FromELF: creating hex file...
"..\Output\F103.axf" - 0 Error(s), 0 Warning(s).
Build target 'Target 1'
assembling startup_stm32f10x_md.s...
compiling main.c...
compiling config.c...
compiling msg_slot.c...
compiling timer.c...
compiling SKY72310.c...
compiling stm32f10x_it.c...
compiling rtc.c...
compiling gps.c...
compiling gps_algorithm.c...
compiling mkmsg.c...
compiling usart1.c...
..\Source\usart1.c(252): warning:  #550-D: variable "Length" was set but never used
compiling usart2.c...
..\Source\usart2.c(30): warning:  #177-D: function "UART2_DMA_Configuration" was declared but never referenced
compiling usart3.c...
..\Source\usart3.c(108): warning:  #550-D: variable "Length" was set but never used
compiling flashwr.c...
compiling adc.c...
compiling led.c...
compiling power.c...
compiling cmdfunc.c...
compiling misc.c...
compiling stm32f10x_exti.c...
compiling stm32f10x_flash.c...
compiling stm32f10x_gpio.c...
compiling stm32f10x_pwr.c...
compiling stm32f10x_rcc.c...
compiling stm32f10x_rtc.c...
compiling stm32f10x_spi.c...
compiling stm32f10x_tim.c...
compiling stm32f10x_usart.c...
compiling stm32f10x_bkp.c...
compiling stm32f10x_dma.c...
compiling stm32f10x_adc.c...
compiling core_cm3.c...
compiling system_stm32f10x.c...
linking...
Program Size: Code=30428 RO-data=428 RW-data=524 ZI-data=5052  
FromELF: creating hex file...
"..\Output\F103.axf" - 0 Error(s), 3 Warning(s).
