ARM Linker, 5.03 [Build 69] [MDK-ARM Standard]

==============================================================================

Section Cross References

    startup_stm32f10x_md.o(RESET) refers to startup_stm32f10x_md.o(STACK) for __initial_sp
    startup_stm32f10x_md.o(RESET) refers to startup_stm32f10x_md.o(.text) for Reset_Handler
    startup_stm32f10x_md.o(RESET) refers to stm32f10x_it.o(.text) for NMI_Handler
    startup_stm32f10x_md.o(RESET) refers to rtc.o(.text) for RTC_IRQHandler
    startup_stm32f10x_md.o(RESET) refers to timer.o(.text) for TIM2_IRQHandler
    startup_stm32f10x_md.o(RESET) refers to usart1.o(.text) for USART1_IRQHandler
    startup_stm32f10x_md.o(RESET) refers to usart2.o(.text) for USART2_IRQHandler
    startup_stm32f10x_md.o(RESET) refers to usart3.o(.text) for USART3_IRQHandler
    startup_stm32f10x_md.o(.text) refers to system_stm32f10x.o(.text) for SystemInit
    startup_stm32f10x_md.o(.text) refers to entry.o(.ARM.Collect$$$$00000000) for __main
    main.o(.text) refers to config.o(.text) for SYS_CLK_UP
    main.o(.text) refers to usart1.o(.text) for USART1_Config
    main.o(.text) refers to usart2.o(.text) for USART2_Config
    main.o(.text) refers to timer.o(.text) for TIM2_Configuration
    main.o(.text) refers to iwdg.o(.text) for IWDG_Init
    main.o(.text) refers to adc.o(.text) for Adc_Init
    main.o(.text) refers to power.o(.text) for BackupRegisterInit
    main.o(.text) refers to flashwr.o(.text) for Read_GPS_Info
    main.o(.text) refers to sky72310.o(.text) for SKY72310_Init
    main.o(.text) refers to stm32f10x_gpio.o(.text) for GPIO_SetBits
    main.o(.text) refers to msg_slot.o(.text) for send_on
    main.o(.text) refers to timer.o(.data) for swchflag
    main.o(.text) refers to main.o(.data) for charging_flag
    config.o(.text) refers to stm32f10x_rcc.o(.text) for RCC_APB2PeriphClockCmd
    config.o(.text) refers to stm32f10x_gpio.o(.text) for GPIO_Init
    config.o(.text) refers to rtc.o(.text) for SoftReset
    config.o(.text) refers to main.o(.data) for charging_flag
    msg_slot.o(.text) refers to mkmsg.o(.text) for msg18
    msg_slot.o(.text) refers to msg_slot.o(.data) for crc_reg
    msg_slot.o(.text) refers to main.o(.data) for len
    msg_slot.o(.text) refers to msg_slot.o(.bss) for msg_tmp
    msg_slot.o(.text) refers to main.o(.bss) for msg
    msg_slot.o(.text) refers to stm32f10x_gpio.o(.text) for GPIO_ResetBits
    msg_slot.o(.text) refers to stm32f10x_pwr.o(.text) for PWR_WakeUpPinCmd
    msg_slot.o(.text) refers to test.o(.text) for ProgramSelector
    msg_slot.o(.text) refers to led.o(.text) for LedFlash
    msg_slot.o(.text) refers to timer.o(.text) for TIM3_OFF
    msg_slot.o(.text) refers to trajectoryprediction.o(.text) for TrajectoryPrediction
    msg_slot.o(.text) refers to timer.o(.data) for swchflag
    msg_slot.o(.text) refers to usart2.o(.bss) for rev_buf
    timer.o(.text) refers to misc.o(.text) for NVIC_PriorityGroupConfig
    timer.o(.text) refers to stm32f10x_rcc.o(.text) for RCC_APB1PeriphClockCmd
    timer.o(.text) refers to stm32f10x_tim.o(.text) for TIM_DeInit
    timer.o(.text) refers to stm32f10x_gpio.o(.text) for GPIO_SetBits
    timer.o(.text) refers to sky72310.o(.text) for SKY72310_Config
    timer.o(.text) refers to flashwr.o(.text) for Write_TX_Channel
    timer.o(.text) refers to msg_slot.o(.text) for msg_send1
    timer.o(.text) refers to stm32f10x_spi.o(.text) for SPI_I2S_GetFlagStatus
    timer.o(.text) refers to iwdg.o(.text) for IWDG_Feed
    timer.o(.text) refers to timer.o(.data) for tim3_cnt
    timer.o(.text) refers to main.o(.data) for flag_channel
    timer.o(.text) refers to main.o(.bss) for msg18_24AB_add
    sky72310.o(.text) refers to stm32f10x_rcc.o(.text) for RCC_APB2PeriphClockCmd
    sky72310.o(.text) refers to stm32f10x_gpio.o(.text) for GPIO_Init
    sky72310.o(.text) refers to stm32f10x_spi.o(.text) for SPI_Init
    sky72310.o(.text) refers to flashwr.o(.text) for Read_TX_Channel
    sky72310.o(.text) refers to main.o(.data) for flag_channel
    gps.o(.text) refers to gps_algorithm.o(.text) for GetComma
    gps.o(.text) refers to dfixi.o(.text) for __aeabi_d2iz
    gps.o(.text) refers to strlen.o(.text) for strlen
    gps.o(.text) refers to dfixui.o(.text) for __aeabi_d2uiz
    gps.o(.text) refers to flashwr.o(.text) for Read_Flash_Cogsel
    gps.o(.text) refers to stm32f10x_tim.o(.text) for TIM_Cmd
    gps.o(.text) refers to stm32f10x_pwr.o(.text) for PWR_WakeUpPinCmd
    gps.o(.text) refers to gps.o(.data) for t_convert
    gps.o(.text) refers to main.o(.data) for jingdu
    gps_algorithm.o(.text) refers to cdcmple.o(.text) for __aeabi_cdcmpeq
    gps_algorithm.o(.text) refers to dmul.o(.text) for __aeabi_dmul
    gps_algorithm.o(.text) refers to dadd.o(.text) for __aeabi_dadd
    gps_algorithm.o(.text) refers to dflti.o(.text) for __aeabi_i2d
    gps_algorithm.o(.text) refers to ddiv.o(.text) for __aeabi_ddiv
    gps_algorithm.o(.text) refers to strlen.o(.text) for strlen
[...]
    USART2_NVIC_Configuration                0x080022b9   Thumb Code    40  usart2.o(.text)
    UART2_DMA_Configuration                  0x080022e1   Thumb Code    82  usart2.o(.text)
    .text                                    0x08002468   Section        0  usart3.o(.text)
    UART3_DMA_Configuration                  0x08002493   Thumb Code    80  usart3.o(.text)
    .text                                    0x08002854   Section        0  flashwr.o(.text)
    .text                                    0x080033a8   Section        0  adc.o(.text)
    .text                                    0x08003498   Section        0  led.o(.text)
    .text                                    0x08003a84   Section        0  power.o(.text)
    .text                                    0x08003c0c   Section        0  rtc.o(.text)
    RTC_NVIC_Configuration                   0x08003c2d   Thumb Code    40  rtc.o(.text)
    RTC_Configuration                        0x08003c55   Thumb Code    98  rtc.o(.text)
    .text                                    0x08003d04   Section        0  test.o(.text)
    .text                                    0x08004054   Section        0  trajectoryprediction.o(.text)
    .text                                    0x080050a8   Section        0  iwdg.o(.text)
    .text                                    0x080050d4   Section        0  misc.o(.text)
    .text                                    0x080051b0   Section        0  stm32f10x_flash.o(.text)
    delay                                    0x08005239   Thumb Code    26  stm32f10x_flash.o(.text)
    .text                                    0x080056dc   Section        0  stm32f10x_gpio.o(.text)
    .text                                    0x08005a08   Section        0  stm32f10x_pwr.o(.text)
    .text                                    0x08005a98   Section        0  stm32f10x_rcc.o(.text)
    .text                                    0x08005e38   Section        0  stm32f10x_rtc.o(.text)
    .text                                    0x08005f7c   Section        0  stm32f10x_spi.o(.text)
    .text                                    0x0800627c   Section        0  stm32f10x_tim.o(.text)
    TI4_Config                               0x0800659b   Thumb Code    82  stm32f10x_tim.o(.text)
    TI3_Config                               0x080065ff   Thumb Code    72  stm32f10x_tim.o(.text)
    TI2_Config                               0x08006671   Thumb Code    80  stm32f10x_tim.o(.text)
    TI1_Config                               0x080066d3   Thumb Code    56  stm32f10x_tim.o(.text)
    .text                                    0x08006e44   Section        0  stm32f10x_usart.o(.text)
    .text                                    0x080071b4   Section        0  stm32f10x_bkp.o(.text)
    .text                                    0x08007258   Section        0  stm32f10x_dma.o(.text)
    .text                                    0x08007494   Section        0  stm32f10x_adc.o(.text)
    .text                                    0x080078c4   Section        0  system_stm32f10x.o(.text)
    SetSysClockTo72                          0x080078c5   Thumb Code   218  system_stm32f10x.o(.text)
    SetSysClock                              0x0800799f   Thumb Code     8  system_stm32f10x.o(.text)
    .text                                    0x080079fc   Section        0  strstr.o(.text)
    .text                                    0x08007a20   Section        0  strncpy.o(.text)
    .text                                    0x08007a38   Section        0  strlen.o(.text)
    .text                                    0x08007a46   Section        0  dadd.o(.text)
    .text                                    0x08007b94   Section        0  dmul.o(.text)
    .text                                    0x08007c78   Section        0  ddiv.o(.text)
    .text                                    0x08007d56   Section        0  dflti.o(.text)
    .text                                    0x08007d78   Section        0  dfltui.o(.text)
    .text                                    0x08007d92   Section        0  dfixi.o(.text)
    .text                                    0x08007dd0   Section        0  dfixui.o(.text)
    .text                                    0x08007e04   Section       40  cdcmple.o(.text)
    .text                                    0x08007e2c   Section       40  cdrcmple.o(.text)
    .text                                    0x08007e54   Section        0  llshl.o(.text)
    .text                                    0x08007e72   Section        0  llushr.o(.text)
    .text                                    0x08007e92   Section        0  llsshr.o(.text)
    .text                                    0x08007eb6   Section        0  iusefp.o(.text)
    .text                                    0x08007eb6   Section        0  depilogue.o(.text)
    .text                                    0x08007f74   Section        0  dscalb.o(.text)
    .text                                    0x08007fa2   Section        0  dsqrt.o(.text)
    .text                                    0x08008044   Section       36  init.o(.text)
    .text                                    0x08008068   Section        0  __dczerorl2.o(.text)
    i.__0printf$2                            0x080080c4   Section        0  printf2.o(i.__0printf$2)
    i.__ARM_fpclassify                       0x080080e4   Section        0  fpclassify.o(i.__ARM_fpclassify)
    i.__ARM_isnan                            0x0800810c   Section        0  trajectoryprediction.o(i.__ARM_isnan)
    i.__ieee754_rem_pio2                     0x08008130   Section        0  rred.o(i.__ieee754_rem_pio2)
    i.__kernel_cos                           0x080084b8   Section        0  cos_i.o(i.__kernel_cos)
    i.__kernel_poly                          0x080085b4   Section        0  poly.o(i.__kernel_poly)
    i.__kernel_sin                           0x08008660   Section        0  sin_i.o(i.__kernel_sin)
    i.__mathlib_dbl_underflow                0x0800874c   Section        0  dunder.o(i.__mathlib_dbl_underflow)
    i.__scatterload_copy                     0x0800875c   Section       14  handlers.o(i.__scatterload_copy)
    i.__scatterload_null                     0x0800876a   Section        2  handlers.o(i.__scatterload_null)
    i.__scatterload_zeroinit                 0x0800876c   Section       14  handlers.o(i.__scatterload_zeroinit)
    i.__set_errno                            0x0800877c   Section        0  errno.o(i.__set_errno)
    i._printf_core                           0x08008788   Section        0  printf2.o(i._printf_core)
    _printf_core                             0x08008789   Thumb Code   208  printf2.o(i._printf_core)
    i.acos                                   0x08008858   Section        0  acos.o(i.acos)
    i.atan                                   0x08008ae0   Section        0  atan.o(i.atan)
    i.cos                                    0x08008d04   Section        0  cos.o(i.cos)
    i.sin                                    0x08008db0   Section        0  sin.o(i.sin)
    i.sqrt                                   0x08008e60   Section        0  sqrt.o(i.sqrt)
    .constdata                               0x08008eb0   Section       80  acos.o(.constdata)
    pS                                       0x08008eb0   Data          48  acos.o(.constdata)
    qS                                       0x08008ee0   Data          32  acos.o(.constdata)
    .constdata                               0x08008f00   Section      152  atan.o(.constdata)
    atanhi                                   0x08008f00   Data          32  atan.o(.constdata)
    atanlo                                   0x08008f20   Data          32  atan.o(.constdata)
    aTodd                                    0x08008f40   Data          40  atan.o(.constdata)
    aTeven                                   0x08008f68   Data          48  atan.o(.constdata)
    .constdata                               0x08008f98   Section       48  cos_i.o(.constdata)
    C                                        0x08008f98   Data          48  cos_i.o(.constdata)
    .constdata                               0x08008fc8   Section      200  rred.o(.constdata)
    pio2s                                    0x08008fc8   Data          48  rred.o(.constdata)
    twooverpi                                0x08008ff8   Data         152  rred.o(.constdata)
    .constdata                               0x08009090   Section       40  sin_i.o(.constdata)
    S                                        0x08009090   Data          40  sin_i.o(.constdata)
    .data                                    0x20000000   Section      423  main.o(.data)
    .data                                    0x200001a8   Section       13  msg_slot.o(.data)
    TS                                       0x200001a8   Data           3  msg_slot.o(.data)
    FLAG                                     0x200001ab   Data           1  msg_slot.o(.data)
    crc_reg                                  0x200001ac   Data           2  msg_slot.o(.data)
    num_cnt                                  0x200001ae   Data           1  msg_slot.o(.data)
    num_slot                                 0x200001b0   Data           2  msg_slot.o(.data)
    valid_cnt_m18                            0x200001b2   Data           1  msg_slot.o(.data)
    valid_cnt_m24A                           0x200001b3   Data           1  msg_slot.o(.data)
    valid_cnt_m24B                           0x200001b4   Data           1  msg_slot.o(.data)
    .data                                    0x200001b8   Section       17  timer.o(.data)
    num_bit                                  0x200001b8   Data           2  timer.o(.data)
    time4flag                                0x200001bd   Data           1  timer.o(.data)
    A                                        0x200001be   Data           1  timer.o(.data)
    B                                        0x200001c0   Data           2  timer.o(.data)
    .data                                    0x200001c9   Section        1  gps.o(.data)
    t_convert                                0x200001c9   Data           1  gps.o(.data)
    .data                                    0x200001cc   Section      114  flashwr.o(.data)
    .data                                    0x2000023e   Section        1  rtc.o(.data)
    rtc_cnt                                  0x2000023e   Data           1  rtc.o(.data)
    .data                                    0x2000023f   Section       20  stm32f10x_rcc.o(.data)
    APBAHBPrescTable                         0x2000023f   Data          16  stm32f10x_rcc.o(.data)
    ADCPrescTable                            0x2000024f   Data           4  stm32f10x_rcc.o(.data)
    .data                                    0x20000254   Section        4  stdout.o(.data)
    .data                                    0x20000258   Section        4  errno.o(.data)
    _errno                                   0x20000258   Data           4  errno.o(.data)
    .bss                                     0x20000260   Section     4504  main.o(.bss)
    .bss                                     0x200013f8   Section     1024  msg_slot.o(.bss)
    msg_tmp                                  0x200013f8   Data         512  msg_slot.o(.bss)
    msg_data                                 0x200015f8   Data         512  msg_slot.o(.bss)
    .bss                                     0x200017f8   Section      131  usart1.o(.bss)
    com1_rxbuf                               0x200017f8   Data         100  usart1.o(.bss)
    .bss                                     0x2000187b   Section      400  usart2.o(.bss)
    .bss                                     0x20001a0b   Section       62  usart3.o(.bss)
    com3_rxbuf                               0x20001a0b   Data          31  usart3.o(.bss)
    STACK                                    0x20001a50   Section     1024  startup_stm32f10x_md.o(STACK)

    Global Symbols

    Symbol Name                              Value     Ov Type        Size  Object(Section)

    BuildAttributes$$THM_ISAv4$P$D$K$B$S$PE$A:L22UL41UL21$X:L11$S22US41US21$IEEE1$IW$USESV6$~STKCKD$USESV7$~SHL$OTIME$ROPI$IEEEX$EBA8$MICROLIB$REQ8$PRES8$EABIv2 0x00000000   Number         0  anon$$obj.o ABSOLUTE
    __ARM_use_no_argv                        0x00000000   Number         0  main.o ABSOLUTE
    _printf_a                                0x00000000   Number         0  stubs.o ABSOLUTE
    _printf_c                                0x00000000   Number         0  stubs.o ABSOLUTE
    _printf_charcount                        0x00000000   Number         0  stubs.o ABSOLUTE
    _printf_d                                0x00000000   Number         0  stubs.o ABSOLUTE
    _printf_e                                0x00000000   Number         0  stubs.o ABSOLUTE
    _printf_f                                0x00000000   Number         0  stubs.o ABSOLUTE
    _printf_flags                            0x00000000   Number         0  stubs.o ABSOLUTE
    _printf_fp_dec                           0x00000000   Number         0  stubs.o ABSOLUTE
    _printf_fp_hex                           0x00000000   Number         0  stubs.o ABSOLUTE
    _printf_g                                0x00000000   Number         0  stubs.o ABSOLUTE
    _printf_i                                0x00000000   Number         0  stubs.o ABSOLUTE
    _printf_int_dec                          0x00000000   Number         0  stubs.o ABSOLUTE
    _printf_l                                0x00000000   Number         0  stubs.o ABSOLUTE
    _printf_lc                               0x00000000   Number         0  stubs.o ABSOLUTE
    _printf_ll                               0x00000000   Number         0  stubs.o ABSOLUTE
    _printf_lld                              0x00000000   Number         0  stubs.o ABSOLUTE
    _printf_lli                              0x00000000   Number         0  stubs.o ABSOLUTE
    _printf_llo                              0x00000000   Number         0  stubs.o ABSOLUTE
    _printf_llu                              0x00000000   Number         0  stubs.o ABSOLUTE
    _printf_llx                              0x00000000   Number         0  stubs.o ABSOLUTE
    _printf_longlong_dec                     0x00000000   Number         0  stubs.o ABSOLUTE
    _printf_longlong_hex                     0x00000000   Number         0  stubs.o ABSOLUTE
    _printf_longlong_oct                     0x00000000   Number         0  stubs.o ABSOLUTE
    _printf_ls                               0x00000000   Number         0  stubs.o ABSOLUTE
    _printf_mbtowc                           0x00000000   Number         0  stubs.o ABSOLUTE
    _printf_n                                0x00000000   Number         0  stubs.o ABSOLUTE
    _printf_o                                0x00000000   Number         0  stubs.o ABSOLUTE
    _printf_p                                0x00000000   Number         0  stubs.o ABSOLUTE
    _printf_percent                          0x00000000   Number         0  stubs.o ABSOLUTE
    _printf_pre_padding                      0x00000000   Number         0  stubs.o ABSOLUTE
    _printf_return_value                     0x00000000   Number         0  stubs.o ABSOLUTE
    _printf_s                                0x00000000   Number         0  stubs.o ABSOLUTE
    _printf_sizespec                         0x00000000   Number         0  stubs.o ABSOLUTE
    _printf_str                              0x00000000   Number         0  stubs.o ABSOLUTE
    _printf_truncate_signed                  0x00000000   Number         0  stubs.o ABSOLUTE
    _printf_truncate_unsigned                0x00000000   Number         0  stubs.o ABSOLUTE
    _printf_u                                0x00000000   Number         0  stubs.o ABSOLUTE
    _printf_wc                               0x00000000   Number         0  stubs.o ABSOLUTE
    _printf_wctomb                           0x00000000   Number         0  stubs.o ABSOLUTE
    _printf_widthprec                        0x00000000   Number         0  stubs.o ABSOLUTE
    _printf_x                                0x00000000   Number         0  stubs.o ABSOLUTE
    __cpp_initialize__aeabi_                  - Undefined Weak Reference
    __cxa_finalize                            - Undefined Weak Reference
    _clock_init                               - Undefined Weak Reference
    _microlib_exit                            - Undefined Weak Reference
    __Vectors_Size                           0x000000ec   Number         0  startup_stm32f10x_md.o ABSOLUTE
    __Vectors                                0x08000000   Data           4  startup_stm32f10x_md.o(RESET)
    __Vectors_End                            0x080000ec   Data           0  startup_stm32f10x_md.o(RESET)
    __main                                   0x080000ed   Thumb Code     0  entry.o(.ARM.Collect$$$$00000000)
    _main_stk                                0x080000ed   Thumb Code     0  entry2.o(.ARM.Collect$$$$00000001)
    _main_scatterload                        0x080000f1   Thumb Code     0  entry5.o(.ARM.Collect$$$$00000004)
    __main_after_scatterload                 0x080000f5   Thumb Code     0  entry5.o(.ARM.Collect$$$$00000004)
    _main_clock                              0x080000f5   Thumb Code     0  entry7b.o(.ARM.Collect$$$$00000008)
    _main_cpp_init                           0x080000f5   Thumb Code     0  entry8b.o(.ARM.Collect$$$$0000000A)
    _main_init                               0x080000f5   Thumb Code     0  entry9a.o(.ARM.Collect$$$$0000000B)
    __rt_final_cpp                           0x080000fd   Thumb Code     0  entry10a.o(.ARM.Collect$$$$0000000D)
    __rt_final_exit                          0x080000fd   Thumb Code     0  entry11a.o(.ARM.Collect$$$$0000000F)
    Reset_Handler                            0x08000101   Thumb Code     8  startup_stm32f10x_md.o(.text)
    ADC1_2_IRQHandler                        0x0800011b   Thumb Code     0  startup_stm32f10x_md.o(.text)
    CAN1_RX1_IRQHandler                      0x0800011b   Thumb Code     0  startup_stm32f10x_md.o(.text)
    CAN1_SCE_IRQHandler                      0x0800011b   Thumb Code     0  startup_stm32f10x_md.o(.text)
    DMA1_Channel1_IRQHandler                 0x0800011b   Thumb Code     0  startup_stm32f10x_md.o(.text)
    DMA1_Channel2_IRQHandler                 0x0800011b   Thumb Code     0  startup_stm32f10x_md.o(.text)
    DMA1_Channel3_IRQHandler                 0x0800011b   Thumb Code     0  startup_stm32f10x_md.o(.text)
    DMA1_Channel4_IRQHandler                 0x0800011b   Thumb Code     0  startup_stm32f10x_md.o(.text)
    DMA1_Channel5_IRQHandler                 0x0800011b   Thumb Code     0  startup_stm32f10x_md.o(.text)
    DMA1_Channel6_IRQHandler                 0x0800011b   Thumb Code     0  startup_stm32f10x_md.o(.text)
    DMA1_Channel7_IRQHandler                 0x0800011b   Thumb Code     0  startup_stm32f10x_md.o(.text)
    EXTI0_IRQHandler                         0x0800011b   Thumb Code     0  startup_stm32f10x_md.o(.text)
    EXTI15_10_IRQHandler                     0x0800011b   Thumb Code     0  startup_stm32f10x_md.o(.text)
    EXTI1_IRQHandler                         0x0800011b   Thumb Code     0  startup_stm32f10x_md.o(.text)
    EXTI2_IRQHandler                         0x0800011b   Thumb Code     0  startup_stm32f10x_md.o(.text)
    EXTI3_IRQHandler                         0x0800011b   Thumb Code     0  startup_stm32f10x_md.o(.text)
    EXTI4_IRQHandler                         0x0800011b   Thumb Code     0  startup_stm32f10x_md.o(.text)
    EXTI9_5_IRQHandler                       0x0800011b   Thumb Code     0  startup_stm32f10x_md.o(.text)
    FLASH_IRQHandler                         0x0800011b   Thumb Code     0  startup_stm32f10x_md.o(.text)
    I2C1_ER_IRQHandler                       0x0800011b   Thumb Code     0  startup_stm32f10x_md.o(.text)
    I2C1_EV_IRQHandler                       0x0800011b   Thumb Code     0  startup_stm32f10x_md.o(.text)
    I2C2_ER_IRQHandler                       0x0800011b   Thumb Code     0  startup_stm32f10x_md.o(.text)
    I2C2_EV_IRQHandler                       0x0800011b   Thumb Code     0  startup_stm32f10x_md.o(.text)
    PVD_IRQHandler                           0x0800011b   Thumb Code     0  startup_stm32f10x_md.o(.text)
    RCC_IRQHandler                           0x0800011b   Thumb Code     0  startup_stm32f10x_md.o(.text)
    RTCAlarm_IRQHandler                      0x0800011b   Thumb Code     0  startup_stm32f10x_md.o(.text)
    SPI1_IRQHandler                          0x0800011b   Thumb Code     0  startup_stm32f10x_md.o(.text)
    SPI2_IRQHandler                          0x0800011b   Thumb Code     0  startup_stm32f10x_md.o(.text)
    TAMPER_IRQHandler                        0x0800011b   Thumb Code     0  startup_stm32f10x_md.o(.text)
    TIM1_BRK_IRQHandler                      0x0800011b   Thumb Code     0  startup_stm32f10x_md.o(.text)
    TIM1_CC_IRQHandler                       0x0800011b   Thumb Code     0  startup_stm32f10x_md.o(.text)
    TIM1_TRG_COM_IRQHandler                  0x0800011b   Thumb Code     0  startup_stm32f10x_md.o(.text)
    TIM1_UP_IRQHandler                       0x0800011b   Thumb Code     0  startup_stm32f10x_md.o(.text)
    USBWakeUp_IRQHandler                     0x0800011b   Thumb Code     0  startup_stm32f10x_md.o(.text)
    USB_HP_CAN1_TX_IRQHandler                0x0800011b   Thumb Code     0  startup_stm32f10x_md.o(.text)
    USB_LP_CAN1_RX0_IRQHandler               0x0800011b   Thumb Code     0  startup_stm32f10x_md.o(.text)
    WWDG_IRQHandler                          0x0800011b   Thumb Code     0  startup_stm32f10x_md.o(.text)
    Delay                                    0x08000125   Thumb Code    18  main.o(.text)
    main                                     0x08000137   Thumb Code   132  main.o(.text)
    GPIO_Configuration                       0x080001d1   Thumb Code   270  config.o(.text)
    stm32_init                               0x080002df   Thumb Code     8  config.o(.text)
    SYS_CLK_UP                               0x080002e7   Thumb Code   280  config.o(.text)
    SYS_CLK_DOWN                             0x080003ff   Thumb Code   228  config.o(.text)
    msg_crc                                  0x08000501   Thumb Code    80  msg_slot.o(.text)
    bit_to_byte_msg                          0x08000551   Thumb Code   326  msg_slot.o(.text)
    bit_stuffing                             0x08000697   Thumb Code   170  msg_slot.o(.text)
    nrzi                                     0x08000741   Thumb Code    42  msg_slot.o(.text)
    msg18_generating                         0x0800076b   Thumb Code   122  msg_slot.o(.text)
    msg24A_generating                        0x080007e5   Thumb Code   122  msg_slot.o(.text)
    msg24B_generating                        0x0800085f   Thumb Code   122  msg_slot.o(.text)
    msg_send1                                0x080008d9   Thumb Code   276  msg_slot.o(.text)
    msg_send2                                0x080009ed   Thumb Code   188  msg_slot.o(.text)
    send_on                                  0x08000aa9   Thumb Code   172  msg_slot.o(.text)
    TIM3_NVIC_Configuration                  0x08000bb1   Thumb Code    42  timer.o(.text)
    TIM3_Configuration                       0x08000bdb   Thumb Code    74  timer.o(.text)
    TIM3_OFF                                 0x08000c25   Thumb Code    22  timer.o(.text)
    TIM4_Configuration                       0x08000c3b   Thumb Code    86  timer.o(.text)
    TIM4_ON                                  0x08000c91   Thumb Code    12  timer.o(.text)
    TIM4_OFF                                 0x08000c9d   Thumb Code    12  timer.o(.text)
    TIM2_NVIC_Configuration                  0x08000ca9   Thumb Code    42  timer.o(.text)
    TIM2_Configuration                       0x08000cd3   Thumb Code    86  timer.o(.text)
    TIM3_IRQHandler                          0x08000d29   Thumb Code   452  timer.o(.text)
    TIM2_IRQHandler                          0x08000eed   Thumb Code    26  timer.o(.text)
    TIM4_IRQHandler                          0x08000f07   Thumb Code    62  timer.o(.text)
    SKY72310_Init                            0x08000f99   Thumb Code   194  sky72310.o(.text)
    SPI1_SendByte                            0x0800105b   Thumb Code    44  sky72310.o(.text)
    SKY72310_Out                             0x08001087   Thumb Code    62  sky72310.o(.text)
    SKY72310_Config                          0x080010c5   Thumb Code   176  sky72310.o(.text)
    NMI_Handler                              0x08001185   Thumb Code     2  stm32f10x_it.o(.text)
    HardFault_Handler                        0x08001187   Thumb Code     4  stm32f10x_it.o(.text)
    MemManage_Handler                        0x0800118b   Thumb Code     4  stm32f10x_it.o(.text)
    BusFault_Handler                         0x0800118f   Thumb Code     4  stm32f10x_it.o(.text)
    UsageFault_Handler                       0x08001193   Thumb Code     4  stm32f10x_it.o(.text)
    SVC_Handler                              0x08001197   Thumb Code     2  stm32f10x_it.o(.text)
    DebugMon_Handler                         0x08001199   Thumb Code     2  stm32f10x_it.o(.text)
    PendSV_Handler                           0x0800119b   Thumb Code     2  stm32f10x_it.o(.text)
    SysTick_Handler                          0x0800119d   Thumb Code     2  stm32f10x_it.o(.text)
    GPS_RMC_Parse                            0x080011a1   Thumb Code   314  gps.o(.text)
    Str_To_Double                            0x080012f1   Thumb Code   254  gps_algorithm.o(.text)
    GetComma                                 0x080013ef   Thumb Code    56  gps_algorithm.o(.text)
    Get_Double_Number                        0x08001427   Thumb Code   246  gps_algorithm.o(.text)
    Get_Double_Number_sog                    0x0800151d   Thumb Code   102  gps_algorithm.o(.text)
    Get_Double_Number_direction              0x08001583   Thumb Code    94  gps_algorithm.o(.text)
    Get_Double_Number_time                   0x080015e1   Thumb Code    78  gps_algorithm.o(.text)
    msg18                                    0x080016fd   Thumb Code   218  mkmsg.o(.text)
    msg24A                                   0x080017d7   Thumb Code    78  mkmsg.o(.text)
    msg24B                                   0x08001825   Thumb Code   210  mkmsg.o(.text)
    USART1_Config                            0x080019af   Thumb Code   180  usart1.o(.text)
    fputc                                    0x08001a63   Thumb Code    36  usart1.o(.text)
    GetKey                                   0x08001a87   Thumb Code    24  usart1.o(.text)
    USART1_printf                            0x08001b01   Thumb Code   262  usart1.o(.text)
    com1sendback                             0x08001c07   Thumb Code    42  usart1.o(.text)
    Usart1GetCommand                         0x08001c31   Thumb Code  1592  usart1.o(.text)
    USART1_IRQHandler                        0x08002269   Thumb Code    56  usart1.o(.text)
    USART2_Config                            0x08002333   Thumb Code   182  usart2.o(.text)
    USART2_IRQHandler                        0x080023e9   Thumb Code   106  usart2.o(.text)
    USART3_NVIC_Configuration                0x08002469   Thumb Code    42  usart3.o(.text)
    USART3_Config                            0x080024e3   Thumb Code   186  usart3.o(.text)
    sendtocom3                               0x0800259d   Thumb Code    42  usart3.o(.text)
    test                                     0x080025c7   Thumb Code    26  usart3.o(.text)
    Usart3GetCommand                         0x080025e1   Thumb Code   500  usart3.o(.text)
    USART3_IRQHandler                        0x080027d5   Thumb Code    70  usart3.o(.text)
    WriteflashBoatnum                        0x08002855   Thumb Code   154  flashwr.o(.text)
    ReadflashBoatnum                         0x080028ef   Thumb Code    24  flashwr.o(.text)
    WriteflashMMSI                           0x08002907   Thumb Code    90  flashwr.o(.text)
    ReadflashMMSI                            0x08002961   Thumb Code    12  flashwr.o(.text)
    WriteflashCode                           0x0800296d   Thumb Code   148  flashwr.o(.text)
    ReadflashCode                            0x08002a01   Thumb Code    24  flashwr.o(.text)
    WriteflashMPeriod                        0x08002a19   Thumb Code   222  flashwr.o(.text)
    ReadflashMPeriod                         0x08002af7   Thumb Code   130  flashwr.o(.text)
    WriteflashMUID                           0x08002b79   Thumb Code   114  flashwr.o(.text)
    ReadflashMUID                            0x08002beb   Thumb Code    44  flashwr.o(.text)
    WriteflashMActivation                    0x08002c17   Thumb Code   152  flashwr.o(.text)
    ReadflashMActivation                     0x08002caf   Thumb Code    12  flashwr.o(.text)
    WriteflashBoatInfo                       0x08002cbb   Thumb Code   116  flashwr.o(.text)
    ReadflashBoatInfo                        0x08002d2f   Thumb Code   192  flashwr.o(.text)
    Write_Flash_GPS_Info                     0x08002def   Thumb Code   240  flashwr.o(.text)
    Write_GPS_Info                           0x08002edf   Thumb Code    76  flashwr.o(.text)
    Read_Flash_GPS_Info                      0x08002f2b   Thumb Code   154  flashwr.o(.text)
    Read_GPS_Info                            0x08002fc5   Thumb Code   110  flashwr.o(.text)
    Write_TX_Channel                         0x08003033   Thumb Code    14  flashwr.o(.text)
    Read_TX_Channel                          0x08003041   Thumb Code    14  flashwr.o(.text)
    Write_Flash_Cogsel                       0x0800304f   Thumb Code   164  flashwr.o(.text)
    Read_Flash_Cogsel                        0x080030f3   Thumb Code    20  flashwr.o(.text)
    WriteTuoWangInfo                         0x08003107   Thumb Code   132  flashwr.o(.text)
    ReadTuoWangInfo                          0x0800318b   Thumb Code    46  flashwr.o(.text)
    Read_OpenOnce                            0x080031b9   Thumb Code    30  flashwr.o(.text)
    ReadFlashInit                            0x080031d7   Thumb Code   162  flashwr.o(.text)
    WriteBackup                              0x08003279   Thumb Code    84  flashwr.o(.text)
    ReadBackup                               0x080032cd   Thumb Code   144  flashwr.o(.text)
    Adc_Init                                 0x080033a9   Thumb Code   132  adc.o(.text)
    Get_Adc                                  0x0800342d   Thumb Code    46  adc.o(.text)
    Get_Adc_Average                          0x0800345b   Thumb Code    52  adc.o(.text)
    LedFlash                                 0x08003499   Thumb Code  1126  led.o(.text)
    LedShutdown                              0x080038ff   Thumb Code   382  led.o(.text)
    BackupRegisterInit                       0x08003a85   Thumb Code    20  power.o(.text)
    Enter_PowersaveMode                      0x08003a99   Thumb Code    36  power.o(.text)
    GetBatteryPower                          0x08003abd   Thumb Code   204  power.o(.text)
    SendBetteryLow                           0x08003b89   Thumb Code   110  power.o(.text)
    SoftReset                                0x08003c0d   Thumb Code    32  rtc.o(.text)
    RTC_Init                                 0x08003cb7   Thumb Code    12  rtc.o(.text)
    Get_RTC_Counter                          0x08003cc3   Thumb Code     8  rtc.o(.text)
    RTC_IRQHandler                           0x08003ccb   Thumb Code    42  rtc.o(.text)
    EjectTest                                0x08003d05   Thumb Code   282  test.o(.text)
    CurrentTest                              0x08003e1f   Thumb Code   474  test.o(.text)
    ProgramSelector                          0x08003ff9   Thumb Code    76  test.o(.text)
    calSphereDist                            0x08004055   Thumb Code   300  trajectoryprediction.o(.text)
    sign                                     0x08004181   Thumb Code    50  trajectoryprediction.o(.text)
    myRound                                  0x080041b3   Thumb Code   142  trajectoryprediction.o(.text)
    bubbleSort                               0x08004241   Thumb Code   108  trajectoryprediction.o(.text)
    gpsDataMedfilt                           0x080042ad   Thumb Code    40  trajectoryprediction.o(.text)
    TrajectoryPrediction                     0x080042d5   Thumb Code  3464  trajectoryprediction.o(.text)
    IWDG_Init                                0x080050a9   Thumb Code    28  iwdg.o(.text)
    IWDG_Feed                                0x080050c5   Thumb Code    10  iwdg.o(.text)
    NVIC_PriorityGroupConfig                 0x080050d5   Thumb Code    10  misc.o(.text)
    NVIC_Init                                0x080050df   Thumb Code   102  misc.o(.text)
    NVIC_SetVectorTable                      0x08005145   Thumb Code    14  misc.o(.text)
    NVIC_SystemLPConfig                      0x08005153   Thumb Code    34  misc.o(.text)
    SysTick_CLKSourceConfig                  0x08005175   Thumb Code    40  misc.o(.text)
    FLASH_SetLatency                         0x080051b1   Thumb Code    18  stm32f10x_flash.o(.text)
    FLASH_HalfCycleAccessCmd                 0x080051c3   Thumb Code    22  stm32f10x_flash.o(.text)
    FLASH_PrefetchBufferCmd                  0x080051d9   Thumb Code    22  stm32f10x_flash.o(.text)
    FLASH_Unlock                             0x080051ef   Thumb Code    12  stm32f10x_flash.o(.text)
    FLASH_Lock                               0x080051fb   Thumb Code    14  stm32f10x_flash.o(.text)
    FLASH_GetStatus                          0x08005209   Thumb Code    48  stm32f10x_flash.o(.text)
    FLASH_WaitForLastOperation               0x08005253   Thumb Code    42  stm32f10x_flash.o(.text)
    FLASH_ErasePage                          0x0800527d   Thumb Code    76  stm32f10x_flash.o(.text)
    FLASH_EraseAllPages                      0x080052c9   Thumb Code    72  stm32f10x_flash.o(.text)
    FLASH_EraseOptionBytes                   0x08005311   Thumb Code   142  stm32f10x_flash.o(.text)
    FLASH_ProgramWord                        0x0800539f   Thumb Code   100  stm32f10x_flash.o(.text)
    FLASH_ProgramHalfWord                    0x08005403   Thumb Code    64  stm32f10x_flash.o(.text)
    FLASH_ProgramOptionByteData              0x08005443   Thumb Code    72  stm32f10x_flash.o(.text)
    FLASH_EnableWriteProtection              0x0800548b   Thumb Code   182  stm32f10x_flash.o(.text)
    FLASH_ReadOutProtection                  0x08005541   Thumb Code   174  stm32f10x_flash.o(.text)
    FLASH_UserOptionByteConfig               0x080055ef   Thumb Code    94  stm32f10x_flash.o(.text)
    FLASH_GetUserOptionByte                  0x0800564d   Thumb Code     8  stm32f10x_flash.o(.text)
    FLASH_GetWriteProtectionOptionByte       0x08005655   Thumb Code     6  stm32f10x_flash.o(.text)
    FLASH_GetReadOutProtectionStatus         0x0800565b   Thumb Code    20  stm32f10x_flash.o(.text)
    FLASH_GetPrefetchBufferStatus            0x0800566f   Thumb Code    20  stm32f10x_flash.o(.text)
    FLASH_ITConfig                           0x08005683   Thumb Code    26  stm32f10x_flash.o(.text)
    FLASH_GetFlagStatus                      0x0800569d   Thumb Code    42  stm32f10x_flash.o(.text)
    FLASH_ClearFlag                          0x080056c7   Thumb Code     6  stm32f10x_flash.o(.text)
    GPIO_DeInit                              0x080056dd   Thumb Code   188  stm32f10x_gpio.o(.text)
    GPIO_AFIODeInit                          0x08005799   Thumb Code    20  stm32f10x_gpio.o(.text)
    GPIO_Init                                0x080057ad   Thumb Code   274  stm32f10x_gpio.o(.text)
    GPIO_StructInit                          0x080058bf   Thumb Code    16  stm32f10x_gpio.o(.text)
    GPIO_ReadInputDataBit                    0x080058cf   Thumb Code    18  stm32f10x_gpio.o(.text)
    GPIO_ReadInputData                       0x080058e1   Thumb Code     8  stm32f10x_gpio.o(.text)
    GPIO_ReadOutputDataBit                   0x080058e9   Thumb Code    18  stm32f10x_gpio.o(.text)
    GPIO_ReadOutputData                      0x080058fb   Thumb Code     8  stm32f10x_gpio.o(.text)
    GPIO_SetBits                             0x08005903   Thumb Code     4  stm32f10x_gpio.o(.text)
    GPIO_ResetBits                           0x08005907   Thumb Code     4  stm32f10x_gpio.o(.text)
    GPIO_WriteBit                            0x0800590b   Thumb Code    10  stm32f10x_gpio.o(.text)
    GPIO_Write                               0x08005915   Thumb Code     4  stm32f10x_gpio.o(.text)
    GPIO_PinLockConfig                       0x08005919   Thumb Code    18  stm32f10x_gpio.o(.text)
    GPIO_EventOutputConfig                   0x0800592b   Thumb Code    26  stm32f10x_gpio.o(.text)
    GPIO_EventOutputCmd                      0x08005945   Thumb Code     6  stm32f10x_gpio.o(.text)
    GPIO_PinRemapConfig                      0x0800594b   Thumb Code   106  stm32f10x_gpio.o(.text)
    GPIO_EXTILineConfig                      0x080059b5   Thumb Code    66  stm32f10x_gpio.o(.text)
    PWR_DeInit                               0x08005a09   Thumb Code    22  stm32f10x_pwr.o(.text)
    PWR_BackupAccessCmd                      0x08005a1f   Thumb Code     6  stm32f10x_pwr.o(.text)
    PWR_PVDCmd                               0x08005a25   Thumb Code     6  stm32f10x_pwr.o(.text)
    PWR_PVDLevelConfig                       0x08005a2b   Thumb Code    18  stm32f10x_pwr.o(.text)
    PWR_WakeUpPinCmd                         0x08005a3d   Thumb Code     2  stm32f10x_pwr.o(.text)
    PWR_EnterSTOPMode                        0x08005a3f   Thumb Code    42  stm32f10x_pwr.o(.text)
    PWR_EnterSTANDBYMode                     0x08005a69   Thumb Code     2  stm32f10x_pwr.o(.text)
    PWR_GetFlagStatus                        0x08005a6b   Thumb Code    20  stm32f10x_pwr.o(.text)
    PWR_ClearFlag                            0x08005a7f   Thumb Code    14  stm32f10x_pwr.o(.text)
    RCC_DeInit                               0x08005a99   Thumb Code    62  stm32f10x_rcc.o(.text)
    RCC_HSEConfig                            0x08005ad7   Thumb Code    70  stm32f10x_rcc.o(.text)
    RCC_GetFlagStatus                        0x08005b1d   Thumb Code    56  stm32f10x_rcc.o(.text)
    RCC_WaitForHSEStartUp                    0x08005b55   Thumb Code    54  stm32f10x_rcc.o(.text)
    RCC_AdjustHSICalibrationValue            0x08005b8b   Thumb Code    20  stm32f10x_rcc.o(.text)
    RCC_HSICmd                               0x08005b9f   Thumb Code     6  stm32f10x_rcc.o(.text)
    RCC_PLLConfig                            0x08005ba5   Thumb Code    24  stm32f10x_rcc.o(.text)
    RCC_PLLCmd                               0x08005bbd   Thumb Code     6  stm32f10x_rcc.o(.text)
    RCC_SYSCLKConfig                         0x08005bc3   Thumb Code    18  stm32f10x_rcc.o(.text)
    RCC_GetSYSCLKSource                      0x08005bd5   Thumb Code    10  stm32f10x_rcc.o(.text)
    RCC_HCLKConfig                           0x08005bdf   Thumb Code    18  stm32f10x_rcc.o(.text)
    RCC_PCLK1Config                          0x08005bf1   Thumb Code    18  stm32f10x_rcc.o(.text)
    RCC_PCLK2Config                          0x08005c03   Thumb Code    20  stm32f10x_rcc.o(.text)
    RCC_ITConfig                             0x08005c17   Thumb Code    26  stm32f10x_rcc.o(.text)
    RCC_USBCLKConfig                         0x08005c31   Thumb Code     6  stm32f10x_rcc.o(.text)
    RCC_ADCCLKConfig                         0x08005c37   Thumb Code    18  stm32f10x_rcc.o(.text)
    RCC_LSEConfig                            0x08005c49   Thumb Code    44  stm32f10x_rcc.o(.text)
    RCC_LSICmd                               0x08005c75   Thumb Code     6  stm32f10x_rcc.o(.text)
    RCC_RTCCLKConfig                         0x08005c7b   Thumb Code    12  stm32f10x_rcc.o(.text)
    RCC_RTCCLKCmd                            0x08005c87   Thumb Code     8  stm32f10x_rcc.o(.text)
    RCC_GetClocksFreq                        0x08005c8f   Thumb Code   192  stm32f10x_rcc.o(.text)
    RCC_AHBPeriphClockCmd                    0x08005d4f   Thumb Code    26  stm32f10x_rcc.o(.text)
    RCC_APB2PeriphClockCmd                   0x08005d69   Thumb Code    26  stm32f10x_rcc.o(.text)
    RCC_APB1PeriphClockCmd                   0x08005d83   Thumb Code    26  stm32f10x_rcc.o(.text)
    RCC_APB2PeriphResetCmd                   0x08005d9d   Thumb Code    26  stm32f10x_rcc.o(.text)
    RCC_APB1PeriphResetCmd                   0x08005db7   Thumb Code    26  stm32f10x_rcc.o(.text)
    RCC_BackupResetCmd                       0x08005dd1   Thumb Code     8  stm32f10x_rcc.o(.text)
    RCC_ClockSecuritySystemCmd               0x08005dd9   Thumb Code     6  stm32f10x_rcc.o(.text)
    RCC_MCOConfig                            0x08005ddf   Thumb Code     6  stm32f10x_rcc.o(.text)
    RCC_ClearFlag                            0x08005de5   Thumb Code    14  stm32f10x_rcc.o(.text)
    RCC_GetITStatus                          0x08005df3   Thumb Code    20  stm32f10x_rcc.o(.text)
    RCC_ClearITPendingBit                    0x08005e07   Thumb Code     6  stm32f10x_rcc.o(.text)
    RTC_ITConfig                             0x08005e39   Thumb Code    26  stm32f10x_rtc.o(.text)
    RTC_EnterConfigMode                      0x08005e53   Thumb Code    18  stm32f10x_rtc.o(.text)
    RTC_ExitConfigMode                       0x08005e65   Thumb Code    20  stm32f10x_rtc.o(.text)
    RTC_GetCounter                           0x08005e79   Thumb Code    18  stm32f10x_rtc.o(.text)
    RTC_SetCounter                           0x08005e8b   Thumb Code    26  stm32f10x_rtc.o(.text)
    RTC_SetPrescaler                         0x08005ea5   Thumb Code    28  stm32f10x_rtc.o(.text)
    RTC_SetAlarm                             0x08005ec1   Thumb Code    26  stm32f10x_rtc.o(.text)
    RTC_GetDivider                           0x08005edb   Thumb Code    22  stm32f10x_rtc.o(.text)
    RTC_WaitForLastTask                      0x08005ef1   Thumb Code    16  stm32f10x_rtc.o(.text)
    RTC_WaitForSynchro                       0x08005f01   Thumb Code    34  stm32f10x_rtc.o(.text)
    RTC_GetFlagStatus                        0x08005f23   Thumb Code    22  stm32f10x_rtc.o(.text)
    RTC_ClearFlag                            0x08005f39   Thumb Code    16  stm32f10x_rtc.o(.text)
    RTC_GetITStatus                          0x08005f49   Thumb Code    32  stm32f10x_rtc.o(.text)
    RTC_ClearITPendingBit                    0x08005f69   Thumb Code    16  stm32f10x_rtc.o(.text)
    SPI_I2S_DeInit                           0x08005f7d   Thumb Code    88  stm32f10x_spi.o(.text)
    SPI_Init                                 0x08005fd5   Thumb Code    60  stm32f10x_spi.o(.text)
    I2S_Init                                 0x08006011   Thumb Code   210  stm32f10x_spi.o(.text)
    SPI_StructInit                           0x080060e3   Thumb Code    24  stm32f10x_spi.o(.text)
    I2S_StructInit                           0x080060fb   Thumb Code    20  stm32f10x_spi.o(.text)
    SPI_Cmd                                  0x0800610f   Thumb Code    24  stm32f10x_spi.o(.text)
    I2S_Cmd                                  0x08006127   Thumb Code    24  stm32f10x_spi.o(.text)
    SPI_I2S_ITConfig                         0x0800613f   Thumb Code    32  stm32f10x_spi.o(.text)
    SPI_I2S_DMACmd                           0x0800615f   Thumb Code    18  stm32f10x_spi.o(.text)
    SPI_I2S_SendData                         0x08006171   Thumb Code     4  stm32f10x_spi.o(.text)
    SPI_I2S_ReceiveData                      0x08006175   Thumb Code     6  stm32f10x_spi.o(.text)
    SPI_NSSInternalSoftwareConfig            0x0800617b   Thumb Code    30  stm32f10x_spi.o(.text)
    SPI_SSOutputCmd                          0x08006199   Thumb Code    24  stm32f10x_spi.o(.text)
    SPI_DataSizeConfig                       0x080061b1   Thumb Code    18  stm32f10x_spi.o(.text)
    SPI_TransmitCRC                          0x080061c3   Thumb Code    10  stm32f10x_spi.o(.text)
    SPI_CalculateCRC                         0x080061cd   Thumb Code    24  stm32f10x_spi.o(.text)
    SPI_GetCRC                               0x080061e5   Thumb Code    16  stm32f10x_spi.o(.text)
    SPI_GetCRCPolynomial                     0x080061f5   Thumb Code     6  stm32f10x_spi.o(.text)
    SPI_BiDirectionalLineConfig              0x080061fb   Thumb Code    28  stm32f10x_spi.o(.text)
    SPI_I2S_GetFlagStatus                    0x08006217   Thumb Code    18  stm32f10x_spi.o(.text)
    SPI_I2S_ClearFlag                        0x08006229   Thumb Code     6  stm32f10x_spi.o(.text)
    SPI_I2S_GetITStatus                      0x0800622f   Thumb Code    52  stm32f10x_spi.o(.text)
    SPI_I2S_ClearITPendingBit                0x08006263   Thumb Code    20  stm32f10x_spi.o(.text)
    TIM_DeInit                               0x0800627d   Thumb Code   214  stm32f10x_tim.o(.text)
    TIM_TimeBaseInit                         0x08006353   Thumb Code    50  stm32f10x_tim.o(.text)
    TIM_OC1Init                              0x08006385   Thumb Code   110  stm32f10x_tim.o(.text)
    TIM_OC2Init                              0x080063f3   Thumb Code   148  stm32f10x_tim.o(.text)
    TIM_OC3Init                              0x08006487   Thumb Code   144  stm32f10x_tim.o(.text)
    TIM_OC4Init                              0x08006517   Thumb Code   106  stm32f10x_tim.o(.text)
    TIM_SetIC4Prescaler                      0x08006581   Thumb Code    26  stm32f10x_tim.o(.text)
    TIM_SetIC3Prescaler                      0x080065ed   Thumb Code    18  stm32f10x_tim.o(.text)
    TIM_SetIC2Prescaler                      0x08006647   Thumb Code    42  stm32f10x_tim.o(.text)
    TIM_SetIC1Prescaler                      0x080066c1   Thumb Code    18  stm32f10x_tim.o(.text)
    TIM_ICInit                               0x0800670b   Thumb Code   110  stm32f10x_tim.o(.text)
    TIM_PWMIConfig                           0x08006779   Thumb Code   124  stm32f10x_tim.o(.text)
    TIM_BDTRConfig                           0x080067f5   Thumb Code    32  stm32f10x_tim.o(.text)
    TIM_TimeBaseStructInit                   0x08006815   Thumb Code    18  stm32f10x_tim.o(.text)
    TIM_OCStructInit                         0x08006827   Thumb Code    20  stm32f10x_tim.o(.text)
    TIM_ICStructInit                         0x0800683b   Thumb Code    18  stm32f10x_tim.o(.text)
    TIM_BDTRStructInit                       0x0800684d   Thumb Code    18  stm32f10x_tim.o(.text)
    TIM_Cmd                                  0x0800685f   Thumb Code    24  stm32f10x_tim.o(.text)
    TIM_CtrlPWMOutputs                       0x08006877   Thumb Code    30  stm32f10x_tim.o(.text)
    TIM_ITConfig                             0x08006895   Thumb Code    18  stm32f10x_tim.o(.text)
    TIM_GenerateEvent                        0x080068a7   Thumb Code     4  stm32f10x_tim.o(.text)
    TIM_DMAConfig                            0x080068ab   Thumb Code    10  stm32f10x_tim.o(.text)
    TIM_DMACmd                               0x080068b5   Thumb Code    18  stm32f10x_tim.o(.text)
    TIM_InternalClockConfig                  0x080068c7   Thumb Code    12  stm32f10x_tim.o(.text)
    TIM_SelectInputTrigger                   0x080068d3   Thumb Code    18  stm32f10x_tim.o(.text)
    TIM_ITRxExternalClockConfig              0x080068e5   Thumb Code    24  stm32f10x_tim.o(.text)
    TIM_TIxExternalClockConfig               0x080068fd   Thumb Code    62  stm32f10x_tim.o(.text)
    TIM_ETRConfig                            0x0800693b   Thumb Code    30  stm32f10x_tim.o(.text)
    TIM_ETRClockMode1Config                  0x08006959   Thumb Code    54  stm32f10x_tim.o(.text)
    TIM_ETRClockMode2Config                  0x0800698f   Thumb Code    32  stm32f10x_tim.o(.text)
    TIM_PrescalerConfig                      0x080069af   Thumb Code     6  stm32f10x_tim.o(.text)
    TIM_CounterModeConfig                    0x080069b5   Thumb Code    18  stm32f10x_tim.o(.text)
    TIM_EncoderInterfaceConfig               0x080069c7   Thumb Code    66  stm32f10x_tim.o(.text)
    TIM_ForcedOC1Config                      0x08006a09   Thumb Code    18  stm32f10x_tim.o(.text)
    TIM_ForcedOC2Config                      0x08006a1b   Thumb Code    26  stm32f10x_tim.o(.text)
    TIM_ForcedOC3Config                      0x08006a35   Thumb Code    18  stm32f10x_tim.o(.text)
    TIM_ForcedOC4Config                      0x08006a47   Thumb Code    26  stm32f10x_tim.o(.text)
    TIM_ARRPreloadConfig                     0x08006a61   Thumb Code    24  stm32f10x_tim.o(.text)
    TIM_SelectCOM                            0x08006a79   Thumb Code    24  stm32f10x_tim.o(.text)
    TIM_SelectCCDMA                          0x08006a91   Thumb Code    24  stm32f10x_tim.o(.text)
    TIM_CCPreloadControl                     0x08006aa9   Thumb Code    24  stm32f10x_tim.o(.text)
    TIM_OC1PreloadConfig                     0x08006ac1   Thumb Code    18  stm32f10x_tim.o(.text)
    TIM_OC2PreloadConfig                     0x08006ad3   Thumb Code    26  stm32f10x_tim.o(.text)
    TIM_OC3PreloadConfig                     0x08006aed   Thumb Code    18  stm32f10x_tim.o(.text)
    TIM_OC4PreloadConfig                     0x08006aff   Thumb Code    26  stm32f10x_tim.o(.text)
    TIM_OC1FastConfig                        0x08006b19   Thumb Code    18  stm32f10x_tim.o(.text)
    TIM_OC2FastConfig                        0x08006b2b   Thumb Code    26  stm32f10x_tim.o(.text)
    TIM_OC3FastConfig                        0x08006b45   Thumb Code    18  stm32f10x_tim.o(.text)
    TIM_OC4FastConfig                        0x08006b57   Thumb Code    26  stm32f10x_tim.o(.text)
    TIM_ClearOC1Ref                          0x08006b71   Thumb Code    18  stm32f10x_tim.o(.text)
    TIM_ClearOC2Ref                          0x08006b83   Thumb Code    24  stm32f10x_tim.o(.text)
    TIM_ClearOC3Ref                          0x08006b9b   Thumb Code    18  stm32f10x_tim.o(.text)
    TIM_ClearOC4Ref                          0x08006bad   Thumb Code    24  stm32f10x_tim.o(.text)
    TIM_OC1PolarityConfig                    0x08006bc5   Thumb Code    18  stm32f10x_tim.o(.text)
    TIM_OC1NPolarityConfig                   0x08006bd7   Thumb Code    18  stm32f10x_tim.o(.text)
    TIM_OC2PolarityConfig                    0x08006be9   Thumb Code    26  stm32f10x_tim.o(.text)
    TIM_OC2NPolarityConfig                   0x08006c03   Thumb Code    26  stm32f10x_tim.o(.text)
    TIM_OC3PolarityConfig                    0x08006c1d   Thumb Code    26  stm32f10x_tim.o(.text)
    TIM_OC3NPolarityConfig                   0x08006c37   Thumb Code    26  stm32f10x_tim.o(.text)
    TIM_OC4PolarityConfig                    0x08006c51   Thumb Code    26  stm32f10x_tim.o(.text)
    TIM_CCxCmd                               0x08006c6b   Thumb Code    26  stm32f10x_tim.o(.text)
    TIM_CCxNCmd                              0x08006c85   Thumb Code    26  stm32f10x_tim.o(.text)
    TIM_SelectOCxM                           0x08006c9f   Thumb Code   134  stm32f10x_tim.o(.text)
    TIM_UpdateDisableConfig                  0x08006d25   Thumb Code    24  stm32f10x_tim.o(.text)
    TIM_UpdateRequestConfig                  0x08006d3d   Thumb Code    24  stm32f10x_tim.o(.text)
    TIM_SelectHallSensor                     0x08006d55   Thumb Code    24  stm32f10x_tim.o(.text)
    TIM_SelectOnePulseMode                   0x08006d6d   Thumb Code    18  stm32f10x_tim.o(.text)
    TIM_SelectOutputTrigger                  0x08006d7f   Thumb Code    18  stm32f10x_tim.o(.text)
    TIM_SelectSlaveMode                      0x08006d91   Thumb Code    18  stm32f10x_tim.o(.text)
    TIM_SelectMasterSlaveMode                0x08006da3   Thumb Code    18  stm32f10x_tim.o(.text)
    TIM_SetCounter                           0x08006db5   Thumb Code     4  stm32f10x_tim.o(.text)
    TIM_SetAutoreload                        0x08006db9   Thumb Code     4  stm32f10x_tim.o(.text)
    TIM_SetCompare1                          0x08006dbd   Thumb Code     4  stm32f10x_tim.o(.text)
    TIM_SetCompare2                          0x08006dc1   Thumb Code     4  stm32f10x_tim.o(.text)
    TIM_SetCompare3                          0x08006dc5   Thumb Code     4  stm32f10x_tim.o(.text)
    TIM_SetCompare4                          0x08006dc9   Thumb Code     6  stm32f10x_tim.o(.text)
    TIM_SetClockDivision                     0x08006dcf   Thumb Code    14  stm32f10x_tim.o(.text)
    TIM_GetCapture1                          0x08006ddd   Thumb Code     6  stm32f10x_tim.o(.text)
    TIM_GetCapture2                          0x08006de3   Thumb Code     6  stm32f10x_tim.o(.text)
    TIM_GetCapture3                          0x08006de9   Thumb Code     6  stm32f10x_tim.o(.text)
    TIM_GetCapture4                          0x08006def   Thumb Code     8  stm32f10x_tim.o(.text)
    TIM_GetCounter                           0x08006df7   Thumb Code     6  stm32f10x_tim.o(.text)
    TIM_GetPrescaler                         0x08006dfd   Thumb Code     6  stm32f10x_tim.o(.text)
    TIM_GetFlagStatus                        0x08006e03   Thumb Code    18  stm32f10x_tim.o(.text)
    TIM_ClearFlag                            0x08006e15   Thumb Code     6  stm32f10x_tim.o(.text)
    TIM_GetITStatus                          0x08006e1b   Thumb Code    34  stm32f10x_tim.o(.text)
    TIM_ClearITPendingBit                    0x08006e3d   Thumb Code     6  stm32f10x_tim.o(.text)
    USART_DeInit                             0x08006e45   Thumb Code   146  stm32f10x_usart.o(.text)
    USART_Init                               0x08006ed7   Thumb Code   150  stm32f10x_usart.o(.text)
    USART_StructInit                         0x08006f6d   Thumb Code    24  stm32f10x_usart.o(.text)
    USART_ClockInit                          0x08006f85   Thumb Code    34  stm32f10x_usart.o(.text)
    USART_ClockStructInit                    0x08006fa7   Thumb Code    12  stm32f10x_usart.o(.text)
    USART_Cmd                                0x08006fb3   Thumb Code    24  stm32f10x_usart.o(.text)
    USART_ITConfig                           0x08006fcb   Thumb Code    64  stm32f10x_usart.o(.text)
    USART_DMACmd                             0x0800700b   Thumb Code    18  stm32f10x_usart.o(.text)
    USART_SetAddress                         0x0800701d   Thumb Code    18  stm32f10x_usart.o(.text)
    USART_WakeUpConfig                       0x0800702f   Thumb Code    18  stm32f10x_usart.o(.text)
    USART_ReceiverWakeUpCmd                  0x08007041   Thumb Code    24  stm32f10x_usart.o(.text)
    USART_LINBreakDetectLengthConfig         0x08007059   Thumb Code    18  stm32f10x_usart.o(.text)
    USART_LINCmd                             0x0800706b   Thumb Code    24  stm32f10x_usart.o(.text)
    USART_SendData                           0x08007083   Thumb Code     8  stm32f10x_usart.o(.text)
    USART_ReceiveData                        0x0800708b   Thumb Code    10  stm32f10x_usart.o(.text)
    USART_SendBreak                          0x08007095   Thumb Code    10  stm32f10x_usart.o(.text)
    USART_SetGuardTime                       0x0800709f   Thumb Code    16  stm32f10x_usart.o(.text)
    USART_SetPrescaler                       0x080070af   Thumb Code    16  stm32f10x_usart.o(.text)
    USART_SmartCardCmd                       0x080070bf   Thumb Code    24  stm32f10x_usart.o(.text)
    USART_SmartCardNACKCmd                   0x080070d7   Thumb Code    24  stm32f10x_usart.o(.text)
    USART_HalfDuplexCmd                      0x080070ef   Thumb Code    24  stm32f10x_usart.o(.text)
    USART_IrDAConfig                         0x08007107   Thumb Code    18  stm32f10x_usart.o(.text)
    USART_IrDACmd                            0x08007119   Thumb Code    24  stm32f10x_usart.o(.text)
    USART_GetFlagStatus                      0x08007131   Thumb Code    18  stm32f10x_usart.o(.text)
    USART_ClearFlag                          0x08007143   Thumb Code     6  stm32f10x_usart.o(.text)
    USART_GetITStatus                        0x08007149   Thumb Code    76  stm32f10x_usart.o(.text)
    USART_ClearITPendingBit                  0x08007195   Thumb Code    20  stm32f10x_usart.o(.text)
    BKP_DeInit                               0x080071b5   Thumb Code    16  stm32f10x_bkp.o(.text)
    BKP_TamperPinLevelConfig                 0x080071c5   Thumb Code     6  stm32f10x_bkp.o(.text)
    BKP_TamperPinCmd                         0x080071cb   Thumb Code     8  stm32f10x_bkp.o(.text)
    BKP_ITConfig                             0x080071d3   Thumb Code     8  stm32f10x_bkp.o(.text)
    BKP_RTCOutputConfig                      0x080071db   Thumb Code    22  stm32f10x_bkp.o(.text)
    BKP_SetRTCCalibrationValue               0x080071f1   Thumb Code    22  stm32f10x_bkp.o(.text)
    BKP_WriteBackupRegister                  0x08007207   Thumb Code     8  stm32f10x_bkp.o(.text)
    BKP_ReadBackupRegister                   0x0800720f   Thumb Code    10  stm32f10x_bkp.o(.text)
    BKP_GetFlagStatus                        0x08007219   Thumb Code    10  stm32f10x_bkp.o(.text)
    BKP_ClearFlag                            0x08007223   Thumb Code    18  stm32f10x_bkp.o(.text)
    BKP_GetITStatus                          0x08007235   Thumb Code    10  stm32f10x_bkp.o(.text)
    BKP_ClearITPendingBit                    0x0800723f   Thumb Code    18  stm32f10x_bkp.o(.text)
    DMA_DeInit                               0x08007259   Thumb Code   306  stm32f10x_dma.o(.text)
    DMA_Init                                 0x0800738b   Thumb Code    60  stm32f10x_dma.o(.text)
    DMA_StructInit                           0x080073c7   Thumb Code    26  stm32f10x_dma.o(.text)
    DMA_Cmd                                  0x080073e1   Thumb Code    22  stm32f10x_dma.o(.text)
    DMA_ITConfig                             0x080073f7   Thumb Code    18  stm32f10x_dma.o(.text)
    DMA_GetCurrDataCounter                   0x08007409   Thumb Code     8  stm32f10x_dma.o(.text)
    DMA_GetFlagStatus                        0x08007411   Thumb Code    38  stm32f10x_dma.o(.text)
    DMA_ClearFlag                            0x08007437   Thumb Code    20  stm32f10x_dma.o(.text)
    DMA_GetITStatus                          0x0800744b   Thumb Code    38  stm32f10x_dma.o(.text)
    DMA_ClearITPendingBit                    0x08007471   Thumb Code    20  stm32f10x_dma.o(.text)
    ADC_DeInit                               0x08007495   Thumb Code    90  stm32f10x_adc.o(.text)
    ADC_Init                                 0x080074ef   Thumb Code    70  stm32f10x_adc.o(.text)
    ADC_StructInit                           0x08007535   Thumb Code    18  stm32f10x_adc.o(.text)
    ADC_Cmd                                  0x08007547   Thumb Code    22  stm32f10x_adc.o(.text)
    ADC_DMACmd                               0x0800755d   Thumb Code    22  stm32f10x_adc.o(.text)
    ADC_ITConfig                             0x08007573   Thumb Code    24  stm32f10x_adc.o(.text)
    ADC_ResetCalibration                     0x0800758b   Thumb Code    10  stm32f10x_adc.o(.text)
    ADC_GetResetCalibrationStatus            0x08007595   Thumb Code    20  stm32f10x_adc.o(.text)
    ADC_StartCalibration                     0x080075a9   Thumb Code    10  stm32f10x_adc.o(.text)
    ADC_GetCalibrationStatus                 0x080075b3   Thumb Code    20  stm32f10x_adc.o(.text)
    ADC_SoftwareStartConvCmd                 0x080075c7   Thumb Code    22  stm32f10x_adc.o(.text)
    ADC_GetSoftwareStartConvStatus           0x080075dd   Thumb Code    20  stm32f10x_adc.o(.text)
    ADC_DiscModeChannelCountConfig           0x080075f1   Thumb Code    24  stm32f10x_adc.o(.text)
    ADC_DiscModeCmd                          0x08007609   Thumb Code    22  stm32f10x_adc.o(.text)
    ADC_RegularChannelConfig                 0x0800761f   Thumb Code   184  stm32f10x_adc.o(.text)
    ADC_ExternalTrigConvCmd                  0x080076d7   Thumb Code    22  stm32f10x_adc.o(.text)
    ADC_GetConversionValue                   0x080076ed   Thumb Code     8  stm32f10x_adc.o(.text)
    ADC_GetDualModeConversionValue           0x080076f5   Thumb Code     6  stm32f10x_adc.o(.text)
    ADC_AutoInjectedConvCmd                  0x080076fb   Thumb Code    22  stm32f10x_adc.o(.text)
    ADC_InjectedDiscModeCmd                  0x08007711   Thumb Code    22  stm32f10x_adc.o(.text)
    ADC_ExternalTrigInjectedConvConfig       0x08007727   Thumb Code    16  stm32f10x_adc.o(.text)
    ADC_ExternalTrigInjectedConvCmd          0x08007737   Thumb Code    22  stm32f10x_adc.o(.text)
    ADC_SoftwareStartInjectedConvCmd         0x0800774d   Thumb Code    22  stm32f10x_adc.o(.text)
    ADC_GetSoftwareStartInjectedConvCmdStatus 0x08007763   Thumb Code    20  stm32f10x_adc.o(.text)
    ADC_InjectedChannelConfig                0x08007777   Thumb Code   130  stm32f10x_adc.o(.text)
    ADC_InjectedSequencerLengthConfig        0x080077f9   Thumb Code    24  stm32f10x_adc.o(.text)
    ADC_SetInjectedOffset                    0x08007811   Thumb Code     4  stm32f10x_adc.o(.text)
    ADC_GetInjectedConversionValue           0x08007815   Thumb Code    10  stm32f10x_adc.o(.text)
    ADC_AnalogWatchdogCmd                    0x0800781f   Thumb Code    16  stm32f10x_adc.o(.text)
    ADC_AnalogWatchdogThresholdsConfig       0x0800782f   Thumb Code     6  stm32f10x_adc.o(.text)
    ADC_AnalogWatchdogSingleChannelConfig    0x08007835   Thumb Code    16  stm32f10x_adc.o(.text)
    ADC_TempSensorVrefintCmd                 0x08007845   Thumb Code    38  stm32f10x_adc.o(.text)
    ADC_GetFlagStatus                        0x0800786b   Thumb Code    38  stm32f10x_adc.o(.text)
    ADC_ClearFlag                            0x08007891   Thumb Code     6  stm32f10x_adc.o(.text)
    ADC_GetITStatus                          0x08007897   Thumb Code    36  stm32f10x_adc.o(.text)
    ADC_ClearITPendingBit                    0x080078bb   Thumb Code    10  stm32f10x_adc.o(.text)
    SystemInit                               0x080079a7   Thumb Code    68  system_stm32f10x.o(.text)
    strstr                                   0x080079fd   Thumb Code    36  strstr.o(.text)
    strncpy                                  0x08007a21   Thumb Code    24  strncpy.o(.text)
    strlen                                   0x08007a39   Thumb Code    14  strlen.o(.text)
    __aeabi_dadd                             0x08007a47   Thumb Code   322  dadd.o(.text)
    __aeabi_dsub                             0x08007b89   Thumb Code     6  dadd.o(.text)
    __aeabi_drsub                            0x08007b8f   Thumb Code     6  dadd.o(.text)
    __aeabi_dmul                             0x08007b95   Thumb Code   228  dmul.o(.text)
    __aeabi_ddiv                             0x08007c79   Thumb Code   222  ddiv.o(.text)
    __aeabi_i2d                              0x08007d57   Thumb Code    34  dflti.o(.text)
    __aeabi_ui2d                             0x08007d79   Thumb Code    26  dfltui.o(.text)
    __aeabi_d2iz                             0x08007d93   Thumb Code    62  dfixi.o(.text)
    __aeabi_d2uiz                            0x08007dd1   Thumb Code    50  dfixui.o(.text)
    __aeabi_cdcmpeq                          0x08007e05   Thumb Code     0  cdcmple.o(.text)
    __aeabi_cdcmple                          0x08007e05   Thumb Code    38  cdcmple.o(.text)
    __aeabi_cdrcmple                         0x08007e2d   Thumb Code    38  cdrcmple.o(.text)
    __aeabi_llsl                             0x08007e55   Thumb Code    30  llshl.o(.text)
    _ll_shift_l                              0x08007e55   Thumb Code     0  llshl.o(.text)
    __aeabi_llsr                             0x08007e73   Thumb Code    32  llushr.o(.text)
    _ll_ushift_r                             0x08007e73   Thumb Code     0  llushr.o(.text)
    __aeabi_lasr                             0x08007e93   Thumb Code    36  llsshr.o(.text)
    _ll_sshift_r                             0x08007e93   Thumb Code     0  llsshr.o(.text)
    __I$use$fp                               0x08007eb7   Thumb Code     0  iusefp.o(.text)
    _double_round                            0x08007eb7   Thumb Code    26  depilogue.o(.text)
    _double_epilogue                         0x08007ed1   Thumb Code   164  depilogue.o(.text)
    __ARM_scalbn                             0x08007f75   Thumb Code    46  dscalb.o(.text)
    scalbn                                   0x08007f75   Thumb Code     0  dscalb.o(.text)
    _dsqrt                                   0x08007fa3   Thumb Code   162  dsqrt.o(.text)
    __scatterload                            0x08008045   Thumb Code    28  init.o(.text)
    __scatterload_rt2                        0x08008045   Thumb Code     0  init.o(.text)
    __decompress                             0x08008069   Thumb Code     0  __dczerorl2.o(.text)
    __decompress1                            0x08008069   Thumb Code    92  __dczerorl2.o(.text)
    __0printf$2                              0x080080c5   Thumb Code    22  printf2.o(i.__0printf$2)
    __1printf$2                              0x080080c5   Thumb Code     0  printf2.o(i.__0printf$2)
    __2printf                                0x080080c5   Thumb Code     0  printf2.o(i.__0printf$2)
    __ARM_fpclassify                         0x080080e5   Thumb Code    40  fpclassify.o(i.__ARM_fpclassify)
    __ARM_isnan                              0x0800810d   Thumb Code    30  trajectoryprediction.o(i.__ARM_isnan)
    __ieee754_rem_pio2                       0x08008131   Thumb Code   832  rred.o(i.__ieee754_rem_pio2)
    __kernel_cos                             0x080084b9   Thumb Code   230  cos_i.o(i.__kernel_cos)
    __kernel_poly                            0x080085b5   Thumb Code   170  poly.o(i.__kernel_poly)
    __kernel_sin                             0x08008661   Thumb Code   224  sin_i.o(i.__kernel_sin)
    __mathlib_dbl_underflow                  0x0800874d   Thumb Code    10  dunder.o(i.__mathlib_dbl_underflow)
    __scatterload_copy                       0x0800875d   Thumb Code    14  handlers.o(i.__scatterload_copy)
    __scatterload_null                       0x0800876b   Thumb Code     2  handlers.o(i.__scatterload_null)
    __scatterload_zeroinit                   0x0800876d   Thumb Code    14  handlers.o(i.__scatterload_zeroinit)
    __set_errno                              0x0800877d   Thumb Code     6  errno.o(i.__set_errno)
    acos                                     0x08008859   Thumb Code   586  acos.o(i.acos)
    atan                                     0x08008ae1   Thumb Code   478  atan.o(i.atan)
    cos                                      0x08008d05   Thumb Code   164  cos.o(i.cos)
    sin                                      0x08008db1   Thumb Code   166  sin.o(i.sin)
    sqrt                                     0x08008e61   Thumb Code    76  sqrt.o(i.sqrt)
    Region$$Table$$Base                      0x080090b8   Number         0  anon$$obj.o(Region$$Table)
    Region$$Table$$Limit                     0x080090d8   Number         0  anon$$obj.o(Region$$Table)
    idx_medfilt                              0x20000000   Data           4  main.o(.data)
    is_gps_data_init                         0x20000004   Data           1  main.o(.data)
    idx_tail                                 0x20000008   Data           4  main.o(.data)
    offset_len1                              0x20000010   Data           8  main.o(.data)
    offset_len2                              0x20000018   Data           8  main.o(.data)
    gps_data_init_cnt                        0x20000020   Data           1  main.o(.data)
    MMSI                                     0x20000024   Data           4  main.o(.data)
    boatnum                                  0x20000028   Data          16  main.o(.data)
    Vender_ID                                0x20000038   Data           6  main.o(.data)
    Call_sign                                0x2000003e   Data           6  main.o(.data)
    jingdu                                   0x20000044   Data           4  main.o(.data)
    weidu                                    0x20000048   Data           4  main.o(.data)
    sog                                      0x2000004c   Data           4  main.o(.data)
    direction                                0x20000050   Data           4  main.o(.data)
    gpstime                                  0x20000054   Data           4  main.o(.data)
    dev_type                                 0x20000058   Data           1  main.o(.data)
    dev_name                                 0x20000059   Data          54  main.o(.data)
    dev_local                                0x2000008f   Data           5  main.o(.data)
    dev_etype                                0x20000094   Data           1  main.o(.data)
    slot_increacement                        0x20000096   Data           2  main.o(.data)
    TIM3_CAM1                                0x20000098   Data           2  main.o(.data)
    TIM3_CAM2                                0x2000009a   Data           2  main.o(.data)
    TIM3_CAM3                                0x2000009c   Data           2  main.o(.data)
    TIM3_CAM4                                0x2000009e   Data           2  main.o(.data)
    TIM3_CAM5                                0x200000a0   Data           2  main.o(.data)
    cogsel                                   0x200000a2   Data           1  main.o(.data)
    dds_word_real                            0x200000a4   Data         180  main.o(.data)
    task_flag2                               0x20000158   Data           1  main.o(.data)
    flag_initial_slot                        0x20000159   Data           1  main.o(.data)
    flag_m24                                 0x2000015a   Data           1  main.o(.data)
    task_flag1                               0x2000015b   Data           1  main.o(.data)
    flag_channel                             0x2000015c   Data           1  main.o(.data)
    reset_flag                               0x2000015d   Data           1  main.o(.data)
    fre_cnt                                  0x2000015e   Data           2  main.o(.data)
    code_cnt                                 0x20000160   Data           1  main.o(.data)
    code_flag1                               0x20000161   Data           1  main.o(.data)
    code_flag2                               0x20000162   Data           1  main.o(.data)
    activation_flag                          0x20000164   Data           2  main.o(.data)
    charging_flag                            0x20000166   Data           1  main.o(.data)
    gps_led_on                               0x20000167   Data           1  main.o(.data)
    offset_len3                              0x20000168   Data           8  main.o(.data)
    offset_theta                             0x20000170   Data           8  main.o(.data)
    jingdu_tmp                               0x20000178   Data           4  main.o(.data)
    weidu_tmp                                0x2000017c   Data           4  main.o(.data)
    direction_tmp                            0x20000180   Data           4  main.o(.data)
    len                                      0x20000184   Data           1  main.o(.data)
    boatlong                                 0x20000186   Data           2  main.o(.data)
    boatwidth                                0x20000188   Data           1  main.o(.data)
    boatsize_a                               0x2000018a   Data           2  main.o(.data)
    boatsize_b                               0x2000018c   Data           2  main.o(.data)
    boatsize_c                               0x2000018e   Data           1  main.o(.data)
    boatsize_d                               0x2000018f   Data           1  main.o(.data)
    dev_time                                 0x20000190   Data           1  main.o(.data)
    dev_state                                0x20000191   Data           1  main.o(.data)
    var_m24                                  0x20000192   Data           2  main.o(.data)
    interval_s                               0x20000194   Data           2  main.o(.data)
    interval_num                             0x20000196   Data           2  main.o(.data)
    gps_invalid                              0x20000198   Data           2  main.o(.data)
    intervalA                                0x2000019a   Data           2  main.o(.data)
    intervalB                                0x2000019c   Data           2  main.o(.data)
    CodeNum                                  0x2000019e   Data           6  main.o(.data)
    battery                                  0x200001a4   Data           1  main.o(.data)
    openflag                                 0x200001a5   Data           1  main.o(.data)
    rftime                                   0x200001a6   Data           1  main.o(.data)
    TIM3_CAM1_flag                           0x200001ba   Data           1  timer.o(.data)
    TIM3_CAM3_flag                           0x200001bb   Data           1  timer.o(.data)
    TIM3_CAM5_flag                           0x200001bc   Data           1  timer.o(.data)
    tim3_cnt                                 0x200001c2   Data           2  timer.o(.data)
    tim2_cnt                                 0x200001c4   Data           4  timer.o(.data)
    swchflag                                 0x200001c8   Data           1  timer.o(.data)
    StartAddr                                0x200001cc   Data          52  flashwr.o(.data)
    EndAddr                                  0x20000200   Data          52  flashwr.o(.data)
    FlashAddress                             0x20000234   Data           4  flashwr.o(.data)
    NbrOfPage                                0x20000238   Data           4  flashwr.o(.data)
    FLASHStatus                              0x2000023c   Data           1  flashwr.o(.data)
    MemoryProgramStatus                      0x2000023d   Data           1  flashwr.o(.data)
    __stdout                                 0x20000254   Data           4  stdout.o(.data)
    msg                                      0x20000260   Data          45  main.o(.bss)
    msg18_add                                0x2000028d   Data         256  main.o(.bss)
    msg24A_add                               0x2000038d   Data         256  main.o(.bss)
    msg24B_add                               0x2000048d   Data         256  main.o(.bss)
    msg21_add                                0x2000058d   Data         512  main.o(.bss)
    gps_lat_tmp                              0x20000790   Data          56  main.o(.bss)
    gps_lon_tmp                              0x200007c8   Data          56  main.o(.bss)
    gps_lat_tmp1                             0x20000800   Data          56  main.o(.bss)
    gps_lon_tmp1                             0x20000838   Data          56  main.o(.bss)
    gps_time_tag                             0x20000870   Data         240  main.o(.bss)
    gps_longitude                            0x20000960   Data         480  main.o(.bss)
    gps_latitude                             0x20000b40   Data         480  main.o(.bss)
    X                                        0x20000d20   Data         480  main.o(.bss)
    Y                                        0x20000f00   Data         480  main.o(.bss)
    msg18_24AB_add                           0x200010e0   Data         768  main.o(.bss)
    GPS                                      0x200013e0   Data          12  main.o(.bss)
    ChipUniqueID_Flash                       0x200013ec   Data          12  main.o(.bss)
    tx1buf                                   0x2000185c   Data          31  usart1.o(.bss)
    rev_buf                                  0x2000187b   Data         400  usart2.o(.bss)
    com3_txbuf                               0x20001a2a   Data          31  usart3.o(.bss)
    __initial_sp                             0x20001e50   Data           0  startup_stm32f10x_md.o(STACK)



==============================================================================

Memory Map of the image

  Image Entry point : 0x08000101

  Load Region LR_1 (Base: 0x08000000, Size: 0x00009334, Max: 0xffffffff, ABSOLUTE, COMPRESSED[0x000091d4])

    Execution Region ER_RO (Base: 0x08000000, Size: 0x000090d8, Max: 0xffffffff, ABSOLUTE)

    Base Addr    Size         Type   Attr      Idx    E Section Name        Object

    0x08000000   0x000000ec   Data   RO            3    RESET               startup_stm32f10x_md.o
    0x080000ec   0x00000000   Code   RO          706  * .ARM.Collect$$$$00000000  mc_w.l(entry.o)
    0x080000ec   0x00000004   Code   RO         1014    .ARM.Collect$$$$00000001  mc_w.l(entry2.o)
    0x080000f0   0x00000004   Code   RO         1017    .ARM.Collect$$$$00000004  mc_w.l(entry5.o)
    0x080000f4   0x00000000   Code   RO         1019    .ARM.Collect$$$$00000008  mc_w.l(entry7b.o)
    0x080000f4   0x00000000   Code   RO         1021    .ARM.Collect$$$$0000000A  mc_w.l(entry8b.o)
    0x080000f4   0x00000008   Code   RO         1022    .ARM.Collect$$$$0000000B  mc_w.l(entry9a.o)
    0x080000fc   0x00000000   Code   RO         1024    .ARM.Collect$$$$0000000D  mc_w.l(entry10a.o)
    0x080000fc   0x00000000   Code   RO         1026    .ARM.Collect$$$$0000000F  mc_w.l(entry11a.o)
    0x080000fc   0x00000004   Code   RO         1015    .ARM.Collect$$$$00002712  mc_w.l(entry2.o)
    0x08000100   0x00000024   Code   RO            4  * .text               startup_stm32f10x_md.o
    0x08000124   0x000000ac   Code   RO           10    .text               main.o
    0x080001d0   0x00000330   Code   RO          147    .text               config.o
    0x08000500   0x000006b0   Code   RO          166    .text               msg_slot.o
    0x08000bb0   0x000003e8   Code   RO          191    .text               timer.o
    0x08000f98   0x000001ec   Code   RO          206    .text               sky72310.o
    0x08001184   0x0000001a   Code   RO          218    .text               stm32f10x_it.o
    0x0800119e   0x00000002   PAD
    0x080011a0   0x00000150   Code   RO          233    .text               gps.o
    0x080012f0   0x0000040c   Code   RO          247    .text               gps_algorithm.o
    0x080016fc   0x00000238   Code   RO          259    .text               mkmsg.o
    0x08001934   0x00000984   Code   RO          271    .text               usart1.o
    0x080022b8   0x000001b0   Code   RO          301    .text               usart2.o
    0x08002468   0x000003ec   Code   RO          328    .text               usart3.o
    0x08002854   0x00000b54   Code   RO          347    .text               flashwr.o
    0x080033a8   0x000000f0   Code   RO          362    .text               adc.o
    0x08003498   0x000005ec   Code   RO          374    .text               led.o
    0x08003a84   0x00000188   Code   RO          386    .text               power.o
    0x08003c0c   0x000000f8   Code   RO          410    .text               rtc.o
    0x08003d04   0x00000350   Code   RO          427    .text               test.o
    0x08004054   0x00001054   Code   RO          439    .text               trajectoryprediction.o
    0x080050a8   0x0000002c   Code   RO          461    .text               iwdg.o
    0x080050d4   0x000000dc   Code   RO          473    .text               misc.o
    0x080051b0   0x0000052c   Code   RO          500    .text               stm32f10x_flash.o
    0x080056dc   0x0000032c   Code   RO          512    .text               stm32f10x_gpio.o
    0x08005a08   0x00000090   Code   RO          524    .text               stm32f10x_pwr.o
    0x08005a98   0x000003a0   Code   RO          536    .text               stm32f10x_rcc.o
    0x08005e38   0x00000144   Code   RO          550    .text               stm32f10x_rtc.o
    0x08005f7c   0x00000300   Code   RO          562    .text               stm32f10x_spi.o
    0x0800627c   0x00000bc6   Code   RO          574    .text               stm32f10x_tim.o
    0x08006e42   0x00000002   PAD
    0x08006e44   0x00000370   Code   RO          586    .text               stm32f10x_usart.o
    0x080071b4   0x000000a4   Code   RO          598    .text               stm32f10x_bkp.o
    0x08007258   0x0000023c   Code   RO          610    .text               stm32f10x_dma.o
    0x08007494   0x00000430   Code   RO          622    .text               stm32f10x_adc.o
    0x080078c4   0x00000138   Code   RO          644    .text               system_stm32f10x.o
    0x080079fc   0x00000024   Code   RO          709    .text               mc_w.l(strstr.o)
    0x08007a20   0x00000018   Code   RO          711    .text               mc_w.l(strncpy.o)
    0x08007a38   0x0000000e   Code   RO          713    .text               mc_w.l(strlen.o)
    0x08007a46   0x0000014e   Code   RO          976    .text               mf_w.l(dadd.o)
    0x08007b94   0x000000e4   Code   RO          978    .text               mf_w.l(dmul.o)
    0x08007c78   0x000000de   Code   RO          980    .text               mf_w.l(ddiv.o)
    0x08007d56   0x00000022   Code   RO          982    .text               mf_w.l(dflti.o)
    0x08007d78   0x0000001a   Code   RO          984    .text               mf_w.l(dfltui.o)
    0x08007d92   0x0000003e   Code   RO          986    .text               mf_w.l(dfixi.o)
    0x08007dd0   0x00000032   Code   RO          988    .text               mf_w.l(dfixui.o)
    0x08007e02   0x00000002   PAD
    0x08007e04   0x00000028   Code   RO          990    .text               mf_w.l(cdcmple.o)
    0x08007e2c   0x00000028   Code   RO          992    .text               mf_w.l(cdrcmple.o)
    0x08007e54   0x0000001e   Code   RO         1033    .text               mc_w.l(llshl.o)
    0x08007e72   0x00000020   Code   RO         1035    .text               mc_w.l(llushr.o)
    0x08007e92   0x00000024   Code   RO         1037    .text               mc_w.l(llsshr.o)
    0x08007eb6   0x00000000   Code   RO         1046    .text               mc_w.l(iusefp.o)
    0x08007eb6   0x000000be   Code   RO         1047    .text               mf_w.l(depilogue.o)
    0x08007f74   0x0000002e   Code   RO         1049    .text               mf_w.l(dscalb.o)
    0x08007fa2   0x000000a2   Code   RO         1051    .text               mf_w.l(dsqrt.o)
    0x08008044   0x00000024   Code   RO         1055    .text               mc_w.l(init.o)
    0x08008068   0x0000005c   Code   RO         1065    .text               mc_w.l(__dczerorl2.o)
    0x080080c4   0x00000020   Code   RO          782    i.__0printf$2       mc_w.l(printf2.o)
    0x080080e4   0x00000028   Code   RO          999    i.__ARM_fpclassify  m_ws.l(fpclassify.o)
    0x0800810c   0x00000024   Code   RO          448    i.__ARM_isnan       trajectoryprediction.o
    0x08008130   0x00000388   Code   RO         1003    i.__ieee754_rem_pio2  m_ws.l(rred.o)
    0x080084b8   0x000000fc   Code   RO          994    i.__kernel_cos      m_ws.l(cos_i.o)
    0x080085b4   0x000000aa   Code   RO         1001    i.__kernel_poly     m_ws.l(poly.o)
    0x0800865e   0x00000002   PAD
    0x08008660   0x000000ec   Code   RO         1008    i.__kernel_sin      m_ws.l(sin_i.o)
    0x0800874c   0x00000010   Code   RO          997    i.__mathlib_dbl_underflow  m_ws.l(dunder.o)
    0x0800875c   0x0000000e   Code   RO         1059    i.__scatterload_copy  mc_w.l(handlers.o)
    0x0800876a   0x00000002   Code   RO         1060    i.__scatterload_null  mc_w.l(handlers.o)
    0x0800876c   0x0000000e   Code   RO         1061    i.__scatterload_zeroinit  mc_w.l(handlers.o)
    0x0800877a   0x00000002   PAD
    0x0800877c   0x0000000c   Code   RO         1041    i.__set_errno       mc_w.l(errno.o)
    0x08008788   0x000000d0   Code   RO          789    i._printf_core      mc_w.l(printf2.o)
    0x08008858   0x00000288   Code   RO          663    i.acos              m_ws.l(acos.o)
    0x08008ae0   0x00000224   Code   RO          673    i.atan              m_ws.l(atan.o)
    0x08008d04   0x000000ac   Code   RO          683    i.cos               m_ws.l(cos.o)
    0x08008db0   0x000000b0   Code   RO          691    i.sin               m_ws.l(sin.o)
    0x08008e60   0x0000004c   Code   RO          699    i.sqrt              m_ws.l(sqrt.o)
    0x08008eac   0x00000004   PAD
    0x08008eb0   0x00000050   Data   RO          664    .constdata          m_ws.l(acos.o)
    0x08008f00   0x00000098   Data   RO          674    .constdata          m_ws.l(atan.o)
    0x08008f98   0x00000030   Data   RO          995    .constdata          m_ws.l(cos_i.o)
    0x08008fc8   0x000000c8   Data   RO         1005    .constdata          m_ws.l(rred.o)
    0x08009090   0x00000028   Data   RO         1009    .constdata          m_ws.l(sin_i.o)
    0x080090b8   0x00000020   Data   RO         1057    Region$$Table       anon$$obj.o


    Execution Region ER_RW (Base: 0x20000000, Size: 0x0000025c, Max: 0xffffffff, ABSOLUTE, COMPRESSED[0x000000fc])

    Base Addr    Size         Type   Attr      Idx    E Section Name        Object

    0x20000000   0x000001a7   Data   RW           12    .data               main.o
    0x200001a7   0x00000001   PAD
    0x200001a8   0x0000000d   Data   RW          168    .data               msg_slot.o
    0x200001b5   0x00000003   PAD
    0x200001b8   0x00000011   Data   RW          192    .data               timer.o
    0x200001c9   0x00000001   Data   RW          234    .data               gps.o
    0x200001ca   0x00000002   PAD
    0x200001cc   0x00000072   Data   RW          348    .data               flashwr.o
    0x2000023e   0x00000001   Data   RW          411    .data               rtc.o
    0x2000023f   0x00000014   Data   RW          537    .data               stm32f10x_rcc.o
    0x20000253   0x00000001   PAD
    0x20000254   0x00000004   Data   RW         1028    .data               mc_w.l(stdout.o)
    0x20000258   0x00000004   Data   RW         1042    .data               mc_w.l(errno.o)


    Execution Region ER_ZI (Base: 0x2000025c, Size: 0x00001bf4, Max: 0xffffffff, ABSOLUTE)

    Base Addr    Size         Type   Attr      Idx    E Section Name        Object

    0x2000025c   0x00000004   PAD
    0x20000260   0x00001198   Zero   RW           11    .bss                main.o
    0x200013f8   0x00000400   Zero   RW          167    .bss                msg_slot.o
    0x200017f8   0x00000083   Zero   RW          272    .bss                usart1.o
    0x2000187b   0x00000190   Zero   RW          302    .bss                usart2.o
    0x20001a0b   0x0000003e   Zero   RW          329    .bss                usart3.o
    0x20001a49   0x00000007   PAD
    0x20001a50   0x00000400   Zero   RW            1    STACK               startup_stm32f10x_md.o


==============================================================================

Image component sizes


      Code (inc. data)   RO Data    RW Data    ZI Data      Debug   Object Name

       240         10          0          0          0       1059   adc.o
       816         30          0          0          0       1596   config.o
      2900        208          0        114          0       5594   flashwr.o
       336         22          0          1          0       1348   gps.o
      1036        218          0          0          0       2740   gps_algorithm.o
        44          6          0          0          0        614   iwdg.o
      1516         14          0          0          0       1655   led.o
       172         22          0        423       4504     267565   main.o
       220         20          0          0          0       1705   misc.o
       568         62          0          0          0        866   mkmsg.o
      1712        156          0         13       1024      13052   msg_slot.o
       392         22          0          0          0       1164   power.o
       248         16          0          1          0       5704   rtc.o
       492         16          0          0          0       1363   sky72310.o
        36          8        236          0       1024        792   startup_stm32f10x_md.o
      1072         20          0          0          0      10645   stm32f10x_adc.o
       164          8          0          0          0       2280   stm32f10x_bkp.o
       572         16          0          0          0       3427   stm32f10x_dma.o
      1324         34          0          0          0       7054   stm32f10x_flash.o
       812         18          0          0          0       5075   stm32f10x_gpio.o
        26          0          0          0          0       1190   stm32f10x_it.o
       144         12          0          0          0       1967   stm32f10x_pwr.o
       928         44          0         20          0       8696   stm32f10x_rcc.o
       324          4          0          0          0       2630   stm32f10x_rtc.o
       768          6          0          0          0       6218   stm32f10x_spi.o
      3014         16          0          0          0      23780   stm32f10x_tim.o
       880         12          0          0          0       7695   stm32f10x_usart.o
       312         18          0          0          0       1141   system_stm32f10x.o
       848         16          0          0          0       1352   test.o
      1000         84          0         17          0       2863   timer.o
      4216        286          0          0          0       5070   trajectoryprediction.o
      2436        146          0          0        131      16795   usart1.o
       432         22          0          0        400       1832   usart2.o
      1004         58          0          0         62       2737   usart3.o

    ----------------------------------------------------------------------
     31008       1650        268        596       7152     419264   Object Totals
         0          0         32          0          0          0   (incl. Generated)
         4          0          0          7          7          0   (incl. Padding)

    ----------------------------------------------------------------------

      Code (inc. data)   RO Data    RW Data    ZI Data      Debug   Library Member Name

       648         62         80          0          0        188   acos.o
       548         70        152          0          0        124   atan.o
       172          8          0          0          0        112   cos.o
       252         22         48          0          0        124   cos_i.o
        16          6          0          0          0         68   dunder.o
        40          0          0          0          0         68   fpclassify.o
       170          0          0          0          0         96   poly.o
       904         72        200          0          0        140   rred.o
       176         10          0          0          0        116   sin.o
       236         12         40          0          0        128   sin_i.o
        76          0          0          0          0         84   sqrt.o
        92          0          0          0          0          0   __dczerorl2.o
         0          0          0          0          0          0   entry.o
         0          0          0          0          0          0   entry10a.o
         0          0          0          0          0          0   entry11a.o
         8          4          0          0          0          0   entry2.o
         4          0          0          0          0          0   entry5.o
         0          0          0          0          0          0   entry7b.o
         0          0          0          0          0          0   entry8b.o
         8          4          0          0          0          0   entry9a.o
        12          6          0          4          0         68   errno.o
        30          0          0          0          0          0   handlers.o
        36          8          0          0          0         68   init.o
         0          0          0          0          0          0   iusefp.o
        30          0          0          0          0         68   llshl.o
        36          0          0          0          0         68   llsshr.o
        32          0          0          0          0         68   llushr.o
       240         10          0          0          0        176   printf2.o
         0          0          0          4          0          0   stdout.o
        14          0          0          0          0         68   strlen.o
        24          0          0          0          0         76   strncpy.o
        36          0          0          0          0         80   strstr.o
        40          2          0          0          0         68   cdcmple.o
        40          2          0          0          0         68   cdrcmple.o
       334          0          0          0          0        148   dadd.o
       222          0          0          0          0        100   ddiv.o
       190          0          0          0          0        176   depilogue.o
        62          0          0          0          0         80   dfixi.o
        50          0          0          0          0         76   dfixui.o
        34          0          0          0          0         76   dflti.o
        26          0          0          0          0         76   dfltui.o
       228          0          0          0          0         96   dmul.o
        46          0          0          0          0         80   dscalb.o
       162          0          0          0          0        100   dsqrt.o

    ----------------------------------------------------------------------
      5284        298        520          8          4       3132   Library Totals
        10          0          0          0          4          0   (incl. Padding)

    ----------------------------------------------------------------------

      Code (inc. data)   RO Data    RW Data    ZI Data      Debug   Library Name

      3238        262        520          0          0       1248   m_ws.l
       602         32          0          8          0        740   mc_w.l
      1434          4          0          0          0       1144   mf_w.l

    ----------------------------------------------------------------------
      5284        298        520          8          4       3132   Library Totals

    ----------------------------------------------------------------------

==============================================================================


      Code (inc. data)   RO Data    RW Data    ZI Data      Debug   

     36292       1948        788        604       7156     417352   Grand Totals
     36292       1948        788        252       7156     417352   ELF Image Totals (compressed)
     36292       1948        788        252          0          0   ROM Totals

==============================================================================

    Total RO  Size (Code + RO Data)                37080 (  36.21kB)
    Total RW  Size (RW Data + ZI Data)              7760 (   7.58kB)
    Total ROM Size (Code + RO Data + RW Data)      37332 (  36.46kB)

==============================================================================

