<html>
<body>
<pre>
<h1>µVision Build Log</h1>
<h2>Project:</h2>
C:\Users\once\Desktop\NETMARK_T800\NETMARK_T800_F103\Project\AIS_AtoN.uvproj
Project File Date:  12/23/2015

<h2>Output:</h2>
Build target 'Target 1'
assembling startup_stm32f10x_md.s...
compiling main.c...
compiling config.c...
compiling msg_slot.c...
compiling timer.c...
compiling SKY72310.c...
compiling stm32f10x_it.c...
compiling gps.c...
..\Source\gps.c(12): warning:  #177-D: variable "ch" was declared but never referenced
..\Source\gps.c(13): warning:  #177-D: variable "time_n" was declared but never referenced
..\Source\gps.c(13): warning:  #177-D: variable "delta_time" was declared but never referenced
compiling gps_algorithm.c...
compiling mkmsg.c...
compiling usart1.c...
..\Source\usart1.c(260): warning:  #550-D: variable "Length" was set but never used
compiling usart2.c...
..\Source\usart2.c(103): warning:  #550-D: variable "i" was set but never used
..\Source\usart2.c(104): warning:  #177-D: variable "idx" was declared but never referenced
..\Source\usart2.c(7): warning:  #177-D: variable "ch" was declared but never referenced
..\Source\usart2.c(8): warning:  #177-D: variable "num" was declared but never referenced
..\Source\usart2.c(9): warning:  #177-D: variable "rev_start" was declared but never referenced
..\Source\usart2.c(10): warning:  #177-D: variable "gps_flag" was declared but never referenced
compiling usart3.c...
..\Source\usart3.c(108): warning:  #550-D: variable "Length" was set but never used
compiling flashwr.c...
compiling adc.c...
..\Source\adc.c(58): warning:  #177-D: variable "j" was declared but never referenced
compiling led.c...
compiling power.c...
compiling cmdfunc.c...
compiling rtc.c...
compiling test.c...
compiling TrajectoryPrediction.c...
..\Source\TrajectoryPrediction.c(138): warning:  #68-D: integer conversion resulted in a change of sign
..\Source\TrajectoryPrediction.c(176): warning:  #68-D: integer conversion resulted in a change of sign
..\Source\TrajectoryPrediction.c(98): warning:  #550-D: variable "mat2_21" was set but never used
..\Source\TrajectoryPrediction.c(98): warning:  #550-D: variable "mat2_22" was set but never used
..\Source\TrajectoryPrediction.c(103): warning:  #177-D: variable "dist_tmp" was declared but never referenced
compiling IWDG.c...
compiling misc.c...
compiling stm32f10x_exti.c...
compiling stm32f10x_flash.c...
compiling stm32f10x_gpio.c...
compiling stm32f10x_pwr.c...
compiling stm32f10x_rcc.c...
compiling stm32f10x_rtc.c...
compiling stm32f10x_spi.c...
compiling stm32f10x_tim.c...
compiling stm32f10x_usart.c...
compiling stm32f10x_bkp.c...
compiling stm32f10x_dma.c...
compiling stm32f10x_adc.c...
compiling core_cm3.c...
compiling system_stm32f10x.c...
linking...
Program Size: Code=36252 RO-data=788 RW-data=604 ZI-data=7156  
FromELF: creating hex file...
"..\Output\F103.axf" - 0 Error(s), 17 Warning(s).
Build target 'Target 1'
linking...
Program Size: Code=36252 RO-data=788 RW-data=604 ZI-data=7156  
FromELF: creating hex file...
"..\Output\F103.axf" - 0 Error(s), 0 Warning(s).
